--- Startup times for process: Primary (or UI client) ---

times in msec
 clock   self+sourced   self:  sourced script
 clock   elapsed:              other lines

000.002  000.002: --- NVIM STARTING ---
000.204  000.202: event init
000.340  000.136: early init
000.431  000.090: locale set
000.476  000.045: init first window
000.751  000.275: inits 1
000.755  000.004: window checked
000.757  000.002: parsing arguments
001.076  000.022  000.022: require('vim.shared')
001.123  000.021  000.021: require('vim.inspect')
001.149  000.022  000.022: require('vim._options')
001.151  000.073  000.030: require('vim._editor')
001.152  000.112  000.017: require('vim._init_packages')
001.153  000.284: init lua interpreter
003.817  002.664: nvim_ui_attach
004.080  000.262: nvim_set_client_info
004.081  000.002: --- NVIM STARTED ---

--- Startup times for process: Embedded ---

times in msec
 clock   self+sourced   self:  sourced script
 clock   elapsed:              other lines

000.002  000.002: --- NVIM STARTING ---
000.205  000.204: event init
000.273  000.068: early init
000.377  000.103: locale set
000.405  000.029: init first window
000.697  000.291: inits 1
000.706  000.009: window checked
000.708  000.002: parsing arguments
001.097  000.028  000.028: require('vim.shared')
001.163  000.026  000.026: require('vim.inspect')
001.197  000.029  000.029: require('vim._options')
001.201  000.102  000.047: require('vim._editor')
001.202  000.152  000.023: require('vim._init_packages')
001.204  000.344: init lua interpreter
001.282  000.079: expanding arguments
001.300  000.018: inits 2
001.498  000.198: init highlight
001.499  000.001: waiting for UI
001.602  000.104: done waiting for UI
001.605  000.002: clear screen
002.509  000.016  000.016: require('vim.keymap')
003.112  000.111  000.111: sourcing nvim_exec2()
004.084  000.874  000.874: require('vim.termcap')
004.124  000.014  000.014: require('vim.text')
004.202  002.594  001.579: require('vim._defaults')
004.204  000.004: init default mappings & autocommands
004.474  000.250  000.250: sourcing /home/linuxbrew/.linuxbrew/Cellar/neovim/0.11.1/share/nvim/runtime/ftplugin.vim
004.732  000.205  000.205: sourcing /home/linuxbrew/.linuxbrew/Cellar/neovim/0.11.1/share/nvim/runtime/indent.vim
005.777  000.075  000.075: require('vim.fs')
006.278  000.495  000.495: require('vim.uri')
006.300  000.650  000.081: require('vim.loader')
007.116  000.749  000.749: require('lazy')
007.137  000.009  000.009: require('ffi')
007.409  000.268  000.268: require('lazy.stats')
007.749  000.322  000.322: require('lazy.core.util')
008.041  000.289  000.289: require('lazy.core.config')
008.810  000.449  000.449: require('lazy.core.handler')
010.217  000.295  000.295: require('lazy.pkg')
010.223  000.995  000.700: require('lazy.core.meta')
010.229  001.416  000.421: require('lazy.core.plugin')
010.236  002.192  000.328: require('lazy.core.loader')
010.924  000.305  000.305: require('lazy.core.fragments')
019.832  000.382  000.382: require('lazy.core.handler.event')
019.839  000.699  000.317: require('lazy.core.handler.ft')
020.156  000.315  000.315: require('lazy.core.handler.cmd')
020.409  000.245  000.245: require('lazy.core.handler.keys')
021.168  000.081  000.081: sourcing nvim_exec2() called at /home/linuxbrew/.linuxbrew/Cellar/neovim/0.11.1/share/nvim/runtime/filetype.lua:0
021.171  000.349  000.269: sourcing /home/linuxbrew/.linuxbrew/Cellar/neovim/0.11.1/share/nvim/runtime/filetype.lua
021.174  000.376  000.027: sourcing nvim_exec2() called at /home/josh/.config/nvim/init.lua:0
021.276  000.002  000.002: sourcing nvim_exec2() called at /home/josh/.config/nvim/init.lua:0
021.279  000.000  000.000: sourcing nvim_exec2() called at /home/josh/.config/nvim/init.lua:0
021.803  000.167  000.167: sourcing /home/josh/.local/share/nvim/lazy/zen-mode.nvim/plugin/zen-mode.vim
021.808  000.204  000.037: sourcing nvim_exec2() called at /home/josh/.config/nvim/init.lua:0
021.834  000.002  000.002: sourcing nvim_exec2() called at /home/josh/.config/nvim/init.lua:0
021.842  000.001  000.001: sourcing nvim_exec2() called at /home/josh/.config/nvim/init.lua:0
022.412  000.157  000.157: sourcing /home/josh/.local/share/nvim/lazy/nvim-web-devicons/plugin/nvim-web-devicons.vim
022.423  000.181  000.023: sourcing nvim_exec2() called at /home/josh/.config/nvim/init.lua:0
022.453  000.002  000.002: sourcing nvim_exec2() called at /home/josh/.config/nvim/init.lua:0
022.470  000.001  000.001: sourcing nvim_exec2() called at /home/josh/.config/nvim/init.lua:0
022.482  000.001  000.001: sourcing nvim_exec2() called at /home/josh/.config/nvim/init.lua:0
022.485  000.000  000.000: sourcing nvim_exec2() called at /home/josh/.config/nvim/init.lua:0
023.545  000.196  000.196: require('lualine_require')
024.045  001.558  001.362: require('lualine')
024.199  000.009  000.009: sourcing nvim_exec2() called at /home/josh/.config/nvim/init.lua:0
025.651  000.492  000.492: require('lualine.highlight')
026.113  000.009  000.009: sourcing nvim_exec2() called at /home/josh/.config/nvim/init.lua:0
026.146  000.025  000.025: sourcing nvim_exec2() called at /home/josh/.config/nvim/init.lua:0
026.219  000.003  000.003: sourcing nvim_exec2() called at /home/josh/.config/nvim/init.lua:0
026.231  000.002  000.002: sourcing nvim_exec2() called at /home/josh/.config/nvim/init.lua:0
026.235  000.001  000.001: sourcing nvim_exec2() called at /home/josh/.config/nvim/init.lua:0
026.259  000.002  000.002: sourcing nvim_exec2() called at /home/josh/.config/nvim/init.lua:0
026.264  000.002  000.002: sourcing nvim_exec2() called at /home/josh/.config/nvim/init.lua:0
026.276  000.008  000.008: sourcing nvim_exec2() called at /home/josh/.config/nvim/init.lua:0
026.279  000.001  000.001: sourcing nvim_exec2() called at /home/josh/.config/nvim/init.lua:0
026.285  000.001  000.001: sourcing nvim_exec2() called at /home/josh/.config/nvim/init.lua:0
026.289  000.001  000.001: sourcing nvim_exec2() called at /home/josh/.config/nvim/init.lua:0
026.292  000.001  000.001: sourcing nvim_exec2() called at /home/josh/.config/nvim/init.lua:0
026.296  000.001  000.001: sourcing nvim_exec2() called at /home/josh/.config/nvim/init.lua:0
026.300  000.001  000.001: sourcing nvim_exec2() called at /home/josh/.config/nvim/init.lua:0
026.303  000.001  000.001: sourcing nvim_exec2() called at /home/josh/.config/nvim/init.lua:0
026.322  000.001  000.001: sourcing nvim_exec2() called at /home/josh/.config/nvim/init.lua:0
026.325  000.001  000.001: sourcing nvim_exec2() called at /home/josh/.config/nvim/init.lua:0
026.327  000.001  000.001: sourcing nvim_exec2() called at /home/josh/.config/nvim/init.lua:0
026.331  000.001  000.001: sourcing nvim_exec2() called at /home/josh/.config/nvim/init.lua:0
026.334  000.001  000.001: sourcing nvim_exec2() called at /home/josh/.config/nvim/init.lua:0
026.338  000.001  000.001: sourcing nvim_exec2() called at /home/josh/.config/nvim/init.lua:0
026.341  000.001  000.001: sourcing nvim_exec2() called at /home/josh/.config/nvim/init.lua:0
026.350  000.007  000.007: sourcing nvim_exec2() called at /home/josh/.config/nvim/init.lua:0
029.749  000.006  000.006: sourcing nvim_exec2() called at /home/josh/.config/nvim/init.lua:0
029.759  000.004  000.004: sourcing nvim_exec2() called at /home/josh/.config/nvim/init.lua:0
030.102  000.006  000.006: sourcing nvim_exec2() called at /home/josh/.config/nvim/init.lua:0
030.110  000.001  000.001: sourcing nvim_exec2() called at /home/josh/.config/nvim/init.lua:0
030.126  000.001  000.001: sourcing nvim_exec2() called at /home/josh/.config/nvim/init.lua:0
030.131  000.001  000.001: sourcing nvim_exec2() called at /home/josh/.config/nvim/init.lua:0
030.136  000.001  000.001: sourcing nvim_exec2() called at /home/josh/.config/nvim/init.lua:0
030.145  000.001  000.001: sourcing nvim_exec2() called at /home/josh/.config/nvim/init.lua:0
030.149  000.001  000.001: sourcing nvim_exec2() called at /home/josh/.config/nvim/init.lua:0
030.157  000.001  000.001: sourcing nvim_exec2() called at /home/josh/.config/nvim/init.lua:0
030.161  000.001  000.001: sourcing nvim_exec2() called at /home/josh/.config/nvim/init.lua:0
030.165  000.001  000.001: sourcing nvim_exec2() called at /home/josh/.config/nvim/init.lua:0
030.169  000.001  000.001: sourcing nvim_exec2() called at /home/josh/.config/nvim/init.lua:0
030.174  000.001  000.001: sourcing nvim_exec2() called at /home/josh/.config/nvim/init.lua:0
030.178  000.001  000.001: sourcing nvim_exec2() called at /home/josh/.config/nvim/init.lua:0
030.182  000.001  000.001: sourcing nvim_exec2() called at /home/josh/.config/nvim/init.lua:0
030.189  000.001  000.001: sourcing nvim_exec2() called at /home/josh/.config/nvim/init.lua:0
030.193  000.001  000.001: sourcing nvim_exec2() called at /home/josh/.config/nvim/init.lua:0
030.201  000.001  000.001: sourcing nvim_exec2() called at /home/josh/.config/nvim/init.lua:0
030.205  000.001  000.001: sourcing nvim_exec2() called at /home/josh/.config/nvim/init.lua:0
030.209  000.001  000.001: sourcing nvim_exec2() called at /home/josh/.config/nvim/init.lua:0
030.246  000.002  000.002: sourcing nvim_exec2() called at /home/josh/.config/nvim/init.lua:0
030.251  000.001  000.001: sourcing nvim_exec2() called at /home/josh/.config/nvim/init.lua:0
030.576  000.006  000.006: sourcing nvim_exec2() called at /home/josh/.config/nvim/init.lua:0
030.581  000.001  000.001: sourcing nvim_exec2() called at /home/josh/.config/nvim/init.lua:0
030.583  000.001  000.001: sourcing nvim_exec2() called at /home/josh/.config/nvim/init.lua:0
030.587  000.003  000.003: sourcing nvim_exec2() called at /home/josh/.config/nvim/init.lua:0
031.794  000.019  000.019: sourcing nvim_exec2() called at /home/josh/.config/nvim/init.lua:0
031.804  000.002  000.002: sourcing nvim_exec2() called at /home/josh/.config/nvim/init.lua:0
031.811  000.001  000.001: sourcing nvim_exec2() called at /home/josh/.config/nvim/init.lua:0
031.818  000.002  000.002: sourcing nvim_exec2() called at /home/josh/.config/nvim/init.lua:0
031.823  000.002  000.002: sourcing nvim_exec2() called at /home/josh/.config/nvim/init.lua:0
031.829  000.001  000.001: sourcing nvim_exec2() called at /home/josh/.config/nvim/init.lua:0
031.833  000.001  000.001: sourcing nvim_exec2() called at /home/josh/.config/nvim/init.lua:0
031.858  000.003  000.003: sourcing nvim_exec2() called at /home/josh/.config/nvim/init.lua:0
031.863  000.001  000.001: sourcing nvim_exec2() called at /home/josh/.config/nvim/init.lua:0
031.868  000.001  000.001: sourcing nvim_exec2() called at /home/josh/.config/nvim/init.lua:0
031.892  000.002  000.002: sourcing nvim_exec2() called at /home/josh/.config/nvim/init.lua:0
031.900  000.001  000.001: sourcing nvim_exec2() called at /home/josh/.config/nvim/init.lua:0
031.907  000.001  000.001: sourcing nvim_exec2() called at /home/josh/.config/nvim/init.lua:0
031.913  000.001  000.001: sourcing nvim_exec2() called at /home/josh/.config/nvim/init.lua:0
031.928  000.002  000.002: sourcing nvim_exec2() called at /home/josh/.config/nvim/init.lua:0
031.933  000.001  000.001: sourcing nvim_exec2() called at /home/josh/.config/nvim/init.lua:0
031.939  000.001  000.001: sourcing nvim_exec2() called at /home/josh/.config/nvim/init.lua:0
031.944  000.001  000.001: sourcing nvim_exec2() called at /home/josh/.config/nvim/init.lua:0
031.949  000.001  000.001: sourcing nvim_exec2() called at /home/josh/.config/nvim/init.lua:0
031.954  000.001  000.001: sourcing nvim_exec2() called at /home/josh/.config/nvim/init.lua:0
031.986  000.030  000.030: sourcing nvim_exec2() called at /home/josh/.config/nvim/init.lua:0
032.018  000.002  000.002: sourcing nvim_exec2() called at /home/josh/.config/nvim/init.lua:0
032.036  000.001  000.001: sourcing nvim_exec2() called at /home/josh/.config/nvim/init.lua:0
032.043  000.001  000.001: sourcing nvim_exec2() called at /home/josh/.config/nvim/init.lua:0
032.054  000.002  000.002: sourcing nvim_exec2() called at /home/josh/.config/nvim/init.lua:0
032.061  000.001  000.001: sourcing nvim_exec2() called at /home/josh/.config/nvim/init.lua:0
032.069  000.001  000.001: sourcing nvim_exec2() called at /home/josh/.config/nvim/init.lua:0
032.079  000.001  000.001: sourcing nvim_exec2() called at /home/josh/.config/nvim/init.lua:0
033.037  000.634  000.634: require('lualine.utils.mode')
034.561  000.012  000.012: sourcing nvim_exec2() called at /home/josh/.config/nvim/init.lua:0
034.603  000.004  000.004: sourcing nvim_exec2() called at /home/josh/.config/nvim/init.lua:0
034.623  000.013  000.013: sourcing nvim_exec2() called at /home/josh/.config/nvim/init.lua:0
034.635  000.003  000.003: sourcing nvim_exec2() called at /home/josh/.config/nvim/init.lua:0
034.640  000.003  000.003: sourcing nvim_exec2() called at /home/josh/.config/nvim/init.lua:0
035.614  000.566  000.566: sourcing /home/josh/.local/share/nvim/lazy/vim-sleuth/plugin/sleuth.vim
035.625  000.592  000.026: sourcing nvim_exec2() called at /home/josh/.config/nvim/init.lua:0
035.633  000.001  000.001: sourcing nvim_exec2() called at /home/josh/.config/nvim/init.lua:0
035.649  000.001  000.001: sourcing nvim_exec2() called at /home/josh/.config/nvim/init.lua:0
036.424  000.361  000.361: sourcing /home/josh/.local/share/nvim/lazy/plenary.nvim/plugin/plenary.vim
036.429  000.384  000.023: sourcing nvim_exec2() called at /home/josh/.config/nvim/init.lua:0
036.437  000.001  000.001: sourcing nvim_exec2() called at /home/josh/.config/nvim/init.lua:0
036.464  000.001  000.001: sourcing nvim_exec2() called at /home/josh/.config/nvim/init.lua:0
036.472  000.001  000.001: sourcing nvim_exec2() called at /home/josh/.config/nvim/init.lua:0
036.476  000.000  000.000: sourcing nvim_exec2() called at /home/josh/.config/nvim/init.lua:0
038.368  000.174  000.174: require('Comment.config')
039.075  000.519  000.519: require('Comment.ft')
039.081  000.710  000.191: require('Comment.utils')
039.442  000.360  000.360: require('Comment.opfunc')
039.787  000.342  000.342: require('Comment.extra')
039.794  002.748  001.163: require('Comment.api')
039.972  003.128  000.379: sourcing /home/josh/.local/share/nvim/lazy/Comment.nvim/plugin/Comment.lua
039.979  003.150  000.023: sourcing nvim_exec2() called at /home/josh/.config/nvim/init.lua:0
039.990  000.004  000.004: sourcing nvim_exec2() called at /home/josh/.config/nvim/init.lua:0
040.004  000.001  000.001: sourcing nvim_exec2() called at /home/josh/.config/nvim/init.lua:0
040.642  000.633  000.633: require('Comment')
040.780  000.004  000.004: sourcing nvim_exec2() called at /home/josh/.config/nvim/init.lua:0
040.785  000.001  000.001: sourcing nvim_exec2() called at /home/josh/.config/nvim/init.lua:0
044.454  000.004  000.004: sourcing nvim_exec2() called at /home/josh/.config/nvim/init.lua:0
044.465  000.001  000.001: sourcing nvim_exec2() called at /home/josh/.config/nvim/init.lua:0
044.471  000.001  000.001: sourcing nvim_exec2() called at /home/josh/.config/nvim/init.lua:0
044.474  000.000  000.000: sourcing nvim_exec2() called at /home/josh/.config/nvim/init.lua:0
045.587  000.230  000.230: require('nio.tasks')
045.747  000.156  000.156: require('nio.control')
045.945  000.198  000.198: require('nio.uv')
046.105  000.159  000.159: require('nio.tests')
046.401  000.145  000.145: require('vim.ui')
046.405  000.299  000.153: require('nio.ui')
046.782  000.189  000.189: require('nio.streams')
046.784  000.377  000.188: require('nio.file')
047.257  000.148  000.148: require('nio.util')
047.461  000.195  000.195: require('vim.iter')
047.483  000.528  000.186: require('nio.logger')
047.487  000.703  000.174: require('nio.lsp')
047.819  000.331  000.331: require('nio.process')
047.826  002.675  000.222: require('nio')
048.893  000.680  000.680: require('dap.utils')
048.978  001.151  000.471: require('dap')
050.552  000.015  000.015: sourcing nvim_exec2() called at /home/josh/.config/nvim/init.lua:0
050.556  000.427  000.412: require('dapui.config.highlights')
050.581  000.023  000.023: sourcing nvim_exec2() called at /home/josh/.config/nvim/init.lua:0
050.658  000.897  000.447: require('dapui.config')
050.664  001.342  000.444: require('dapui.util')
050.926  000.261  000.261: require('dapui.windows.layout')
050.930  001.950  000.348: require('dapui.windows')
051.169  000.229  000.229: require('dapui.controls')
051.175  006.699  000.694: require('dapui')
051.268  000.018  000.018: sourcing nvim_exec2() called at /home/josh/.config/nvim/init.lua:0
052.262  000.518  000.518: require('dapui.client.types')
052.267  000.938  000.420: require('dapui.client')
052.604  000.336  000.336: require('dap.breakpoints')
052.867  000.245  000.245: require('dapui.client.lib')
053.330  000.233  000.233: require('dapui.render.canvas')
053.334  000.452  000.219: require('dapui.elements.breakpoints')
053.539  000.189  000.189: require('dapui.components.breakpoints')
053.744  000.174  000.174: require('dapui.elements.repl')
053.918  000.171  000.171: require('dapui.elements.scopes')
054.115  000.187  000.187: require('dapui.components.scopes')
054.293  000.176  000.176: require('dapui.components.variables')
054.470  000.167  000.167: require('dapui.elements.stacks')
055.284  000.439  000.439: require('dapui.components.frames')
055.305  000.825  000.386: require('dapui.components.threads')
055.655  000.312  000.312: require('dapui.elements.watches')
055.849  000.179  000.179: require('dapui.components.watches')
056.033  000.167  000.167: require('dapui.elements.hover')
056.215  000.169  000.169: require('dapui.components.hover')
056.389  000.168  000.168: require('dapui.elements.console')
056.895  000.230  000.230: sourcing /home/josh/.local/share/nvim/lazy/nvim-dap/plugin/dap.lua
056.900  000.248  000.018: sourcing nvim_exec2() called at /home/josh/.config/nvim/init.lua:0
056.905  000.002  000.002: sourcing nvim_exec2() called at /home/josh/.config/nvim/init.lua:0
056.912  000.001  000.001: sourcing nvim_exec2() called at /home/josh/.config/nvim/init.lua:0
056.916  013.323  001.495: require('dap')
056.924  016.136  002.813: require('nvim-dap-virtual-text')
056.963  000.006  000.006: require('vim.F')
056.970  000.039  000.033: sourcing nvim_exec2() called at /home/josh/.config/nvim/init.lua:0
057.023  000.007  000.007: sourcing nvim_exec2() called at /home/josh/.config/nvim/init.lua:0
058.361  000.891  000.891: require('gitsigns')
059.385  000.940  000.940: require('gitsigns.highlight')
059.956  000.561  000.561: require('gitsigns.debug.log')
060.478  000.518  000.518: require('gitsigns.config')
061.010  000.245  000.245: require('gitsigns.debounce')
061.028  003.744  000.589: sourcing /home/josh/.local/share/nvim/lazy/gitsigns.nvim/plugin/gitsigns.lua
061.032  003.761  000.016: sourcing nvim_exec2() called at /home/josh/.config/nvim/init.lua:0
061.039  000.003  000.003: sourcing nvim_exec2() called at /home/josh/.config/nvim/init.lua:0
061.048  000.001  000.001: sourcing nvim_exec2() called at /home/josh/.config/nvim/init.lua:0
061.255  000.002  000.002: sourcing nvim_exec2() called at /home/josh/.config/nvim/init.lua:0
061.259  000.001  000.001: sourcing nvim_exec2() called at /home/josh/.config/nvim/init.lua:0
061.725  000.247  000.247: sourcing /home/josh/.local/share/nvim/lazy/telescope.nvim/plugin/telescope.lua
061.729  000.262  000.015: sourcing nvim_exec2() called at /home/josh/.config/nvim/init.lua:0
061.734  000.002  000.002: sourcing nvim_exec2() called at /home/josh/.config/nvim/init.lua:0
061.740  000.001  000.001: sourcing nvim_exec2() called at /home/josh/.config/nvim/init.lua:0
062.557  000.157  000.157: require('telescope._extensions')
062.560  000.818  000.661: require('telescope')
063.383  000.169  000.169: require('plenary.bit')
063.536  000.151  000.151: require('plenary.functional')
063.737  000.741  000.422: require('plenary.path')
063.748  000.942  000.201: require('plenary.strings')
063.901  000.152  000.152: require('telescope.deprecated')
065.703  000.724  000.724: require('plenary.log')
065.738  001.234  000.510: require('telescope.log')
066.689  000.183  000.183: require('plenary.compat')
066.696  000.522  000.339: require('plenary.job')
066.881  000.184  000.184: require('telescope.state')
066.891  001.152  000.446: require('telescope.utils')
066.895  002.993  000.607: require('telescope.sorters')
067.987  005.426  001.339: require('telescope.config')
069.633  000.379  000.379: sourcing /home/josh/.local/share/nvim/lazy/conform.nvim/plugin/conform.lua
069.660  000.437  000.058: sourcing nvim_exec2() called at /home/josh/.config/nvim/init.lua:0
069.703  000.020  000.020: sourcing nvim_exec2() called at /home/josh/.config/nvim/init.lua:0
069.714  000.001  000.001: sourcing nvim_exec2() called at /home/josh/.config/nvim/init.lua:0
070.862  001.144  001.144: require('conform')
072.425  000.300  000.300: require('vim.lsp.log')
073.308  000.879  000.879: require('vim.lsp.protocol')
073.864  000.552  000.552: require('vim.lsp.util')
074.716  000.511  000.511: require('vim.lsp.sync')
074.724  000.855  000.343: require('vim.lsp._changetracking')
075.431  000.341  000.341: require('vim.lsp._transport')
075.493  000.768  000.426: require('vim.lsp.rpc')
075.594  003.888  000.534: require('vim.lsp')
076.775  001.179  001.179: require('lspconfig.util')
077.117  000.333  000.333: require('vim.version')
078.356  007.155  001.756: sourcing /home/josh/.local/share/nvim/lazy/nvim-lspconfig/plugin/lspconfig.lua
078.362  007.176  000.021: sourcing nvim_exec2() called at /home/josh/.config/nvim/init.lua:0
078.373  000.003  000.003: sourcing nvim_exec2() called at /home/josh/.config/nvim/init.lua:0
078.383  000.001  000.001: sourcing nvim_exec2() called at /home/josh/.config/nvim/init.lua:0
079.410  000.271  000.271: require('lspconfig.async')
079.414  000.809  000.538: require('lspconfig.configs')
079.420  001.035  000.225: require('lspconfig')
079.972  000.550  000.550: require('lspconfig.configs.lua_ls')
080.393  000.358  000.358: require('lspconfig.manager')
080.945  000.548  000.548: require('lspconfig.configs.clangd')
081.522  000.396  000.396: require('lspconfig.configs.rust_analyzer')
082.414  000.723  000.723: require('lspconfig.configs.ts_ls')
082.836  000.361  000.361: require('lspconfig.configs.zls')
083.467  000.181  000.181: sourcing /home/josh/.local/share/nvim/lazy/diagflow.nvim/plugin/diagflow.vim
083.472  000.214  000.032: sourcing nvim_exec2() called at /home/josh/.config/nvim/init.lua:0
083.483  000.002  000.002: sourcing nvim_exec2() called at /home/josh/.config/nvim/init.lua:0
083.495  000.001  000.001: sourcing nvim_exec2() called at /home/josh/.config/nvim/init.lua:0
085.519  000.463  000.463: require('diagflow.lazy')
085.537  001.788  001.324: require('diagflow')
086.254  000.707  000.707: require('vim.diagnostic')
086.372  000.004  000.004: sourcing nvim_exec2() called at /home/josh/.config/nvim/init.lua:0
086.381  000.001  000.001: sourcing nvim_exec2() called at /home/josh/.config/nvim/init.lua:0
087.702  000.253  000.253: require('nvim-autopairs._log')
087.926  000.221  000.221: require('nvim-autopairs.utils')
088.439  000.160  000.160: require('nvim-autopairs.conds')
088.444  000.328  000.168: require('nvim-autopairs.rule')
088.445  000.516  000.188: require('nvim-autopairs.rules.basic')
088.451  001.669  000.679: require('nvim-autopairs')
088.730  000.003  000.003: sourcing nvim_exec2() called at /home/josh/.config/nvim/init.lua:0
088.735  000.001  000.001: sourcing nvim_exec2() called at /home/josh/.config/nvim/init.lua:0
089.319  000.170  000.170: sourcing /home/josh/.local/share/nvim/lazy/lush.nvim/plugin/lush.vim
089.323  000.187  000.018: sourcing nvim_exec2() called at /home/josh/.config/nvim/init.lua:0
089.328  000.001  000.001: sourcing nvim_exec2() called at /home/josh/.config/nvim/init.lua:0
089.335  000.001  000.001: sourcing nvim_exec2() called at /home/josh/.config/nvim/init.lua:0
089.340  000.001  000.001: sourcing nvim_exec2() called at /home/josh/.config/nvim/init.lua:0
089.349  000.000  000.000: sourcing nvim_exec2() called at /home/josh/.config/nvim/init.lua:0
089.574  000.001  000.001: sourcing nvim_exec2() called at /home/josh/.config/nvim/init.lua:0
089.579  000.000  000.000: sourcing nvim_exec2() called at /home/josh/.config/nvim/init.lua:0
090.534  000.950  000.950: require('mini.icons')
090.613  000.003  000.003: sourcing nvim_exec2() called at /home/josh/.config/nvim/init.lua:0
090.618  000.001  000.001: sourcing nvim_exec2() called at /home/josh/.config/nvim/init.lua:0
091.203  000.286  000.286: require('oil')
091.405  000.198  000.198: require('oil.ringbuf')
091.589  000.182  000.182: require('oil.config')
092.314  000.671  000.671: require('vim.filetype')
092.997  000.169  000.169: require('oil.log')
093.005  000.442  000.273: require('oil.fs')
093.441  000.191  000.191: require('oil.constants')
093.465  000.459  000.268: require('oil.util')
093.504  000.004  000.004: sourcing nvim_exec2() called at /home/josh/.config/nvim/init.lua:0
093.509  000.001  000.001: sourcing nvim_exec2() called at /home/josh/.config/nvim/init.lua:0
094.787  000.145  000.145: require('mason-core.path')
095.260  000.147  000.147: require('mason-core.functional.data')
095.521  000.258  000.258: require('mason-core.functional.function')
095.746  000.199  000.199: require('mason-core.functional.list')
095.941  000.167  000.167: require('mason-core.functional.relation')
096.102  000.159  000.159: require('mason-core.functional.logic')
096.271  000.151  000.151: require('mason-core.functional.number')
096.442  000.167  000.167: require('mason-core.functional.string')
096.592  000.146  000.146: require('mason-core.functional.table')
096.748  000.153  000.153: require('mason-core.functional.type')
096.750  001.798  000.250: require('mason-core.functional')
096.775  001.986  000.188: require('mason-core.platform')
097.251  000.476  000.476: require('mason.settings')
097.261  002.784  000.178: require('mason-core.installer.InstallLocation')
098.722  000.510  000.510: require('mason-core.log')
098.728  000.777  000.267: require('mason-core.EventEmitter')
099.349  000.619  000.619: require('mason-registry.sources')
099.358  002.096  000.699: require('mason-registry')
099.360  005.847  000.967: require('mason')
099.750  000.354  000.354: require('mason.api.command')
101.887  000.320  000.320: require('nvim-treesitter.utils')
103.886  000.204  000.204: require('vim.treesitter.language')
104.049  000.159  000.159: require('vim.func')
104.218  000.165  000.165: require('vim.func._memoize')
104.305  000.930  000.402: require('vim.treesitter.query')
104.480  000.174  000.174: require('vim.treesitter._range')
104.493  001.496  000.392: require('vim.treesitter.languagetree')
104.497  002.099  000.602: require('vim.treesitter')
104.860  002.970  000.871: require('nvim-treesitter.parsers')
106.007  000.179  000.179: require('nvim-treesitter.compat')
106.385  000.211  000.211: require('nvim-treesitter.ts_utils')
106.391  000.383  000.171: require('nvim-treesitter.tsrange')
106.571  000.179  000.179: require('nvim-treesitter.caching')
106.580  000.984  000.244: require('nvim-treesitter.query')
106.591  001.481  000.497: require('nvim-treesitter.configs')
106.594  001.732  000.252: require('nvim-treesitter.info')
106.891  000.296  000.296: require('nvim-treesitter.shell_command_selectors')
106.961  005.739  000.421: require('nvim-treesitter.install')
107.188  000.226  000.226: require('nvim-treesitter.statusline')
107.478  000.289  000.289: require('nvim-treesitter.query_predicates')
107.484  006.916  000.662: require('nvim-treesitter')
108.090  007.863  000.947: sourcing /home/josh/.local/share/nvim/lazy/nvim-treesitter/plugin/nvim-treesitter.lua
108.095  007.890  000.027: sourcing nvim_exec2() called at /home/josh/.config/nvim/init.lua:0
108.101  000.001  000.001: sourcing nvim_exec2() called at /home/josh/.config/nvim/init.lua:0
108.111  000.001  000.001: sourcing nvim_exec2() called at /home/josh/.config/nvim/init.lua:0
110.318  000.175  000.175: sourcing /home/linuxbrew/.linuxbrew/Cellar/neovim/0.11.1/share/nvim/runtime/plugin/editorconfig.lua
110.322  000.193  000.018: sourcing nvim_exec2() called at /home/josh/.config/nvim/init.lua:0
110.565  000.231  000.231: sourcing /home/linuxbrew/.linuxbrew/Cellar/neovim/0.11.1/share/nvim/runtime/plugin/gzip.vim
110.567  000.242  000.010: sourcing nvim_exec2() called at /home/josh/.config/nvim/init.lua:0
110.747  000.169  000.169: sourcing /home/linuxbrew/.linuxbrew/Cellar/neovim/0.11.1/share/nvim/runtime/plugin/man.lua
110.749  000.179  000.010: sourcing nvim_exec2() called at /home/josh/.config/nvim/init.lua:0
111.400  000.221  000.221: sourcing /home/linuxbrew/.linuxbrew/Cellar/neovim/0.11.1/share/nvim/runtime/pack/dist/opt/matchit/plugin/matchit.vim
111.410  000.650  000.429: sourcing /home/linuxbrew/.linuxbrew/Cellar/neovim/0.11.1/share/nvim/runtime/plugin/matchit.vim
111.411  000.659  000.009: sourcing nvim_exec2() called at /home/josh/.config/nvim/init.lua:0
111.636  000.213  000.213: sourcing /home/linuxbrew/.linuxbrew/Cellar/neovim/0.11.1/share/nvim/runtime/plugin/matchparen.vim
111.638  000.222  000.009: sourcing nvim_exec2() called at /home/josh/.config/nvim/init.lua:0
111.795  000.147  000.147: sourcing /home/linuxbrew/.linuxbrew/Cellar/neovim/0.11.1/share/nvim/runtime/plugin/netrwPlugin.vim
111.797  000.156  000.009: sourcing nvim_exec2() called at /home/josh/.config/nvim/init.lua:0
111.967  000.160  000.160: sourcing /home/linuxbrew/.linuxbrew/Cellar/neovim/0.11.1/share/nvim/runtime/plugin/osc52.lua
111.969  000.169  000.009: sourcing nvim_exec2() called at /home/josh/.config/nvim/init.lua:0
112.192  000.212  000.212: sourcing /home/linuxbrew/.linuxbrew/Cellar/neovim/0.11.1/share/nvim/runtime/plugin/rplugin.vim
112.194  000.221  000.009: sourcing nvim_exec2() called at /home/josh/.config/nvim/init.lua:0
112.379  000.169  000.169: sourcing /home/linuxbrew/.linuxbrew/Cellar/neovim/0.11.1/share/nvim/runtime/plugin/shada.vim
112.381  000.177  000.009: sourcing nvim_exec2() called at /home/josh/.config/nvim/init.lua:0
112.545  000.153  000.153: sourcing /home/linuxbrew/.linuxbrew/Cellar/neovim/0.11.1/share/nvim/runtime/plugin/spellfile.vim
112.547  000.163  000.010: sourcing nvim_exec2() called at /home/josh/.config/nvim/init.lua:0
112.741  000.184  000.184: sourcing /home/linuxbrew/.linuxbrew/Cellar/neovim/0.11.1/share/nvim/runtime/plugin/tarPlugin.vim
112.743  000.193  000.009: sourcing nvim_exec2() called at /home/josh/.config/nvim/init.lua:0
112.949  000.195  000.195: sourcing /home/linuxbrew/.linuxbrew/Cellar/neovim/0.11.1/share/nvim/runtime/plugin/tohtml.lua
112.952  000.206  000.011: sourcing nvim_exec2() called at /home/josh/.config/nvim/init.lua:0
113.135  000.165  000.165: sourcing /home/linuxbrew/.linuxbrew/Cellar/neovim/0.11.1/share/nvim/runtime/plugin/tutor.vim
113.137  000.176  000.012: sourcing nvim_exec2() called at /home/josh/.config/nvim/init.lua:0
113.454  000.303  000.303: sourcing /home/linuxbrew/.linuxbrew/Cellar/neovim/0.11.1/share/nvim/runtime/plugin/zipPlugin.vim
113.459  000.316  000.013: sourcing nvim_exec2() called at /home/josh/.config/nvim/init.lua:0
114.093  000.443  000.443: require('opts')
114.804  000.708  000.708: require('keymaps')
115.412  000.202  000.202: require('telescope.builtin')
115.430  000.622  000.420: require('telescope_conf')
116.567  000.173  000.173: require('harpoon.utils')
116.570  000.339  000.165: require('harpoon.logger')
117.063  000.160  000.160: require('harpoon.autocmd')
117.066  000.327  000.167: require('harpoon.buffer')
117.194  000.127  000.127: require('harpoon.extensions')
117.196  000.625  000.171: require('harpoon.ui')
117.368  000.171  000.171: require('harpoon.data')
117.494  000.124  000.124: require('harpoon.config')
117.663  000.168  000.168: require('harpoon.list')
120.046  004.024  002.597: require('harpoon')
120.081  004.650  000.626: require('harpoon_conf')
121.919  000.367  000.367: sourcing /home/josh/.local/share/nvim/lazy/gruvbox-material/autoload/gruvbox_material.vim
125.866  004.546  004.179: sourcing /home/josh/.local/share/nvim/lazy/gruvbox-material/colors/gruvbox-material.vim
125.941  000.008  000.008: sourcing nvim_exec2() called at ColorScheme Autocommands for "*":0
126.505  000.008  000.008: sourcing nvim_exec2() called at ColorScheme Autocommands for "*":0
126.509  000.001  000.001: sourcing nvim_exec2() called at ColorScheme Autocommands for "*":0
126.511  000.001  000.001: sourcing nvim_exec2() called at ColorScheme Autocommands for "*":0
126.513  000.001  000.001: sourcing nvim_exec2() called at ColorScheme Autocommands for "*":0
126.514  000.001  000.001: sourcing nvim_exec2() called at ColorScheme Autocommands for "*":0
126.538  000.001  000.001: sourcing nvim_exec2() called at ColorScheme Autocommands for "*":0
126.540  000.001  000.001: sourcing nvim_exec2() called at ColorScheme Autocommands for "*":0
126.541  000.001  000.001: sourcing nvim_exec2() called at ColorScheme Autocommands for "*":0
126.542  000.000  000.000: sourcing nvim_exec2() called at ColorScheme Autocommands for "*":0
126.544  000.001  000.001: sourcing nvim_exec2() called at ColorScheme Autocommands for "*":0
126.545  000.000  000.000: sourcing nvim_exec2() called at ColorScheme Autocommands for "*":0
126.547  000.001  000.001: sourcing nvim_exec2() called at ColorScheme Autocommands for "*":0
126.548  000.000  000.000: sourcing nvim_exec2() called at ColorScheme Autocommands for "*":0
126.549  000.001  000.001: sourcing nvim_exec2() called at ColorScheme Autocommands for "*":0
126.550  000.000  000.000: sourcing nvim_exec2() called at ColorScheme Autocommands for "*":0
126.579  000.001  000.001: sourcing nvim_exec2() called at ColorScheme Autocommands for "*":0
126.580  000.001  000.001: sourcing nvim_exec2() called at ColorScheme Autocommands for "*":0
126.582  000.001  000.001: sourcing nvim_exec2() called at ColorScheme Autocommands for "*":0
126.583  000.000  000.000: sourcing nvim_exec2() called at ColorScheme Autocommands for "*":0
126.584  000.001  000.001: sourcing nvim_exec2() called at ColorScheme Autocommands for "*":0
126.586  000.001  000.001: sourcing nvim_exec2() called at ColorScheme Autocommands for "*":0
126.587  000.000  000.000: sourcing nvim_exec2() called at ColorScheme Autocommands for "*":0
126.589  000.000  000.000: sourcing nvim_exec2() called at ColorScheme Autocommands for "*":0
126.590  000.001  000.001: sourcing nvim_exec2() called at ColorScheme Autocommands for "*":0
126.592  000.001  000.001: sourcing nvim_exec2() called at ColorScheme Autocommands for "*":0
126.593  000.001  000.001: sourcing nvim_exec2() called at ColorScheme Autocommands for "*":0
126.594  000.000  000.000: sourcing nvim_exec2() called at ColorScheme Autocommands for "*":0
126.595  000.001  000.001: sourcing nvim_exec2() called at ColorScheme Autocommands for "*":0
126.597  000.001  000.001: sourcing nvim_exec2() called at ColorScheme Autocommands for "*":0
126.598  000.000  000.000: sourcing nvim_exec2() called at ColorScheme Autocommands for "*":0
126.599  000.001  000.001: sourcing nvim_exec2() called at ColorScheme Autocommands for "*":0
126.600  000.001  000.001: sourcing nvim_exec2() called at ColorScheme Autocommands for "*":0
126.602  000.000  000.000: sourcing nvim_exec2() called at ColorScheme Autocommands for "*":0
126.603  000.001  000.001: sourcing nvim_exec2() called at ColorScheme Autocommands for "*":0
126.604  000.000  000.000: sourcing nvim_exec2() called at ColorScheme Autocommands for "*":0
126.605  000.000  000.000: sourcing nvim_exec2() called at ColorScheme Autocommands for "*":0
126.606  000.000  000.000: sourcing nvim_exec2() called at ColorScheme Autocommands for "*":0
126.607  000.000  000.000: sourcing nvim_exec2() called at ColorScheme Autocommands for "*":0
126.608  000.000  000.000: sourcing nvim_exec2() called at ColorScheme Autocommands for "*":0
126.609  000.000  000.000: sourcing nvim_exec2() called at ColorScheme Autocommands for "*":0
126.611  000.001  000.001: sourcing nvim_exec2() called at ColorScheme Autocommands for "*":0
126.612  000.000  000.000: sourcing nvim_exec2() called at ColorScheme Autocommands for "*":0
126.613  000.000  000.000: sourcing nvim_exec2() called at ColorScheme Autocommands for "*":0
126.614  000.000  000.000: sourcing nvim_exec2() called at ColorScheme Autocommands for "*":0
126.615  000.000  000.000: sourcing nvim_exec2() called at ColorScheme Autocommands for "*":0
126.616  000.001  000.001: sourcing nvim_exec2() called at ColorScheme Autocommands for "*":0
126.618  000.000  000.000: sourcing nvim_exec2() called at ColorScheme Autocommands for "*":0
126.619  000.000  000.000: sourcing nvim_exec2() called at ColorScheme Autocommands for "*":0
126.620  000.000  000.000: sourcing nvim_exec2() called at ColorScheme Autocommands for "*":0
126.621  000.000  000.000: sourcing nvim_exec2() called at ColorScheme Autocommands for "*":0
126.622  000.000  000.000: sourcing nvim_exec2() called at ColorScheme Autocommands for "*":0
126.624  000.000  000.000: sourcing nvim_exec2() called at ColorScheme Autocommands for "*":0
126.625  000.000  000.000: sourcing nvim_exec2() called at ColorScheme Autocommands for "*":0
126.626  000.000  000.000: sourcing nvim_exec2() called at ColorScheme Autocommands for "*":0
126.627  000.001  000.001: sourcing nvim_exec2() called at ColorScheme Autocommands for "*":0
126.628  000.000  000.000: sourcing nvim_exec2() called at ColorScheme Autocommands for "*":0
126.629  000.000  000.000: sourcing nvim_exec2() called at ColorScheme Autocommands for "*":0
126.631  000.000  000.000: sourcing nvim_exec2() called at ColorScheme Autocommands for "*":0
126.632  000.001  000.001: sourcing nvim_exec2() called at ColorScheme Autocommands for "*":0
126.633  000.000  000.000: sourcing nvim_exec2() called at ColorScheme Autocommands for "*":0
126.634  000.001  000.001: sourcing nvim_exec2() called at ColorScheme Autocommands for "*":0
126.636  000.000  000.000: sourcing nvim_exec2() called at ColorScheme Autocommands for "*":0
126.637  000.000  000.000: sourcing nvim_exec2() called at ColorScheme Autocommands for "*":0
126.638  000.000  000.000: sourcing nvim_exec2() called at ColorScheme Autocommands for "*":0
126.639  000.001  000.001: sourcing nvim_exec2() called at ColorScheme Autocommands for "*":0
126.640  000.001  000.001: sourcing nvim_exec2() called at ColorScheme Autocommands for "*":0
126.642  000.001  000.001: sourcing nvim_exec2() called at ColorScheme Autocommands for "*":0
126.643  000.001  000.001: sourcing nvim_exec2() called at ColorScheme Autocommands for "*":0
126.644  000.000  000.000: sourcing nvim_exec2() called at ColorScheme Autocommands for "*":0
126.645  000.000  000.000: sourcing nvim_exec2() called at ColorScheme Autocommands for "*":0
126.646  000.000  000.000: sourcing nvim_exec2() called at ColorScheme Autocommands for "*":0
126.658  000.003  000.003: sourcing nvim_exec2() called at ColorScheme Autocommands for "*":0
126.664  000.001  000.001: sourcing nvim_exec2() called at ColorScheme Autocommands for "*":0
126.667  000.001  000.001: sourcing nvim_exec2() called at ColorScheme Autocommands for "*":0
126.672  000.001  000.001: sourcing nvim_exec2() called at ColorScheme Autocommands for "*":0
126.675  000.001  000.001: sourcing nvim_exec2() called at ColorScheme Autocommands for "*":0
126.678  000.001  000.001: sourcing nvim_exec2() called at ColorScheme Autocommands for "*":0
126.681  000.001  000.001: sourcing nvim_exec2() called at ColorScheme Autocommands for "*":0
126.683  000.001  000.001: sourcing nvim_exec2() called at ColorScheme Autocommands for "*":0
126.686  000.001  000.001: sourcing nvim_exec2() called at ColorScheme Autocommands for "*":0
126.752  000.002  000.002: sourcing nvim_exec2() called at ColorScheme Autocommands for "*":0
126.778  000.001  000.001: sourcing nvim_exec2() called at ColorScheme Autocommands for "*":0
126.780  000.001  000.001: sourcing nvim_exec2() called at ColorScheme Autocommands for "*":0
126.798  000.001  000.001: sourcing nvim_exec2() called at ColorScheme Autocommands for "*":0
126.802  000.001  000.001: sourcing nvim_exec2() called at ColorScheme Autocommands for "*":0
126.804  000.001  000.001: sourcing nvim_exec2() called at ColorScheme Autocommands for "*":0
126.807  000.001  000.001: sourcing nvim_exec2() called at ColorScheme Autocommands for "*":0
126.809  000.001  000.001: sourcing nvim_exec2() called at ColorScheme Autocommands for "*":0
126.812  000.001  000.001: sourcing nvim_exec2() called at ColorScheme Autocommands for "*":0
126.815  000.001  000.001: sourcing nvim_exec2() called at ColorScheme Autocommands for "*":0
126.817  000.001  000.001: sourcing nvim_exec2() called at ColorScheme Autocommands for "*":0
126.819  000.001  000.001: sourcing nvim_exec2() called at ColorScheme Autocommands for "*":0
126.822  000.001  000.001: sourcing nvim_exec2() called at ColorScheme Autocommands for "*":0
126.831  000.008  000.008: sourcing nvim_exec2() called at ColorScheme Autocommands for "*":0
126.929  000.003  000.003: sourcing nvim_exec2() called at ColorScheme Autocommands for "*":0
126.934  000.002  000.002: sourcing nvim_exec2() called at ColorScheme Autocommands for "*":0
126.994  000.002  000.002: sourcing nvim_exec2() called at ColorScheme Autocommands for "*":0
126.998  000.001  000.001: sourcing nvim_exec2() called at ColorScheme Autocommands for "*":0
127.001  000.001  000.001: sourcing nvim_exec2() called at ColorScheme Autocommands for "*":0
127.005  000.001  000.001: sourcing nvim_exec2() called at ColorScheme Autocommands for "*":0
127.007  000.001  000.001: sourcing nvim_exec2() called at ColorScheme Autocommands for "*":0
127.010  000.001  000.001: sourcing nvim_exec2() called at ColorScheme Autocommands for "*":0
127.035  000.001  000.001: sourcing nvim_exec2() called at ColorScheme Autocommands for "*":0
127.052  000.001  000.001: sourcing nvim_exec2() called at ColorScheme Autocommands for "*":0
127.055  000.001  000.001: sourcing nvim_exec2() called at ColorScheme Autocommands for "*":0
127.058  000.001  000.001: sourcing nvim_exec2() called at ColorScheme Autocommands for "*":0
127.061  000.001  000.001: sourcing nvim_exec2() called at ColorScheme Autocommands for "*":0
127.064  000.001  000.001: sourcing nvim_exec2() called at ColorScheme Autocommands for "*":0
127.106  000.002  000.002: sourcing nvim_exec2() called at ColorScheme Autocommands for "*":0
127.111  000.001  000.001: sourcing nvim_exec2() called at ColorScheme Autocommands for "*":0
127.116  000.001  000.001: sourcing nvim_exec2() called at ColorScheme Autocommands for "*":0
127.119  000.001  000.001: sourcing nvim_exec2() called at ColorScheme Autocommands for "*":0
127.122  000.001  000.001: sourcing nvim_exec2() called at ColorScheme Autocommands for "*":0
127.125  000.001  000.001: sourcing nvim_exec2() called at ColorScheme Autocommands for "*":0
127.131  000.001  000.001: sourcing nvim_exec2() called at ColorScheme Autocommands for "*":0
127.134  000.001  000.001: sourcing nvim_exec2() called at ColorScheme Autocommands for "*":0
127.137  000.001  000.001: sourcing nvim_exec2() called at ColorScheme Autocommands for "*":0
127.142  000.003  000.003: sourcing nvim_exec2() called at ColorScheme Autocommands for "*":0
127.146  000.001  000.001: sourcing nvim_exec2() called at ColorScheme Autocommands for "*":0
127.148  000.001  000.001: sourcing nvim_exec2() called at ColorScheme Autocommands for "*":0
127.152  000.002  000.002: sourcing nvim_exec2() called at ColorScheme Autocommands for "*":0
127.215  000.002  000.002: sourcing nvim_exec2() called at ColorScheme Autocommands for "*":0
127.218  000.001  000.001: sourcing nvim_exec2() called at ColorScheme Autocommands for "*":0
127.221  000.001  000.001: sourcing nvim_exec2() called at ColorScheme Autocommands for "*":0
127.224  000.001  000.001: sourcing nvim_exec2() called at ColorScheme Autocommands for "*":0
127.226  000.001  000.001: sourcing nvim_exec2() called at ColorScheme Autocommands for "*":0
127.229  000.001  000.001: sourcing nvim_exec2() called at ColorScheme Autocommands for "*":0
127.232  000.001  000.001: sourcing nvim_exec2() called at ColorScheme Autocommands for "*":0
127.236  000.001  000.001: sourcing nvim_exec2() called at ColorScheme Autocommands for "*":0
127.240  000.001  000.001: sourcing nvim_exec2() called at ColorScheme Autocommands for "*":0
127.242  000.001  000.001: sourcing nvim_exec2() called at ColorScheme Autocommands for "*":0
127.245  000.001  000.001: sourcing nvim_exec2() called at ColorScheme Autocommands for "*":0
127.248  000.001  000.001: sourcing nvim_exec2() called at ColorScheme Autocommands for "*":0
127.250  000.001  000.001: sourcing nvim_exec2() called at ColorScheme Autocommands for "*":0
127.253  000.001  000.001: sourcing nvim_exec2() called at ColorScheme Autocommands for "*":0
127.257  000.001  000.001: sourcing nvim_exec2() called at ColorScheme Autocommands for "*":0
127.260  000.001  000.001: sourcing nvim_exec2() called at ColorScheme Autocommands for "*":0
127.262  000.001  000.001: sourcing nvim_exec2() called at ColorScheme Autocommands for "*":0
127.265  000.001  000.001: sourcing nvim_exec2() called at ColorScheme Autocommands for "*":0
127.267  000.001  000.001: sourcing nvim_exec2() called at ColorScheme Autocommands for "*":0
127.269  000.001  000.001: sourcing nvim_exec2() called at ColorScheme Autocommands for "*":0
127.272  000.001  000.001: sourcing nvim_exec2() called at ColorScheme Autocommands for "*":0
127.275  000.001  000.001: sourcing nvim_exec2() called at ColorScheme Autocommands for "*":0
127.279  000.001  000.001: sourcing nvim_exec2() called at ColorScheme Autocommands for "*":0
127.282  000.001  000.001: sourcing nvim_exec2() called at ColorScheme Autocommands for "*":0
127.284  000.001  000.001: sourcing nvim_exec2() called at ColorScheme Autocommands for "*":0
127.286  000.001  000.001: sourcing nvim_exec2() called at ColorScheme Autocommands for "*":0
127.289  000.001  000.001: sourcing nvim_exec2() called at ColorScheme Autocommands for "*":0
127.291  000.001  000.001: sourcing nvim_exec2() called at ColorScheme Autocommands for "*":0
127.406  000.010  000.010: sourcing nvim_exec2() called at ColorScheme Autocommands for "*":0
127.415  000.002  000.002: sourcing nvim_exec2() called at ColorScheme Autocommands for "*":0
127.435  000.007  000.007: sourcing nvim_exec2() called at ColorScheme Autocommands for "*":0
127.441  000.004  000.004: sourcing nvim_exec2() called at ColorScheme Autocommands for "*":0
127.445  000.002  000.002: sourcing nvim_exec2() called at ColorScheme Autocommands for "*":0
127.475  000.015  000.015: sourcing nvim_exec2() called at ColorScheme Autocommands for "*":0
127.679  122.914  032.893: sourcing /home/josh/.config/nvim/init.lua
127.686  000.113: sourcing vimrc file(s)
127.805  000.027  000.027: sourcing /home/linuxbrew/.linuxbrew/Cellar/neovim/0.11.1/share/nvim/runtime/filetype.lua
128.240  000.177  000.177: sourcing /home/linuxbrew/.linuxbrew/Cellar/neovim/0.11.1/share/nvim/runtime/syntax/synload.vim
128.288  000.460  000.283: sourcing /home/linuxbrew/.linuxbrew/Cellar/neovim/0.11.1/share/nvim/runtime/syntax/syntax.vim
128.295  000.123: inits 3
130.078  001.782: reading ShaDa
130.271  000.194: opening buffers
130.351  000.079: BufEnter autocommands
130.353  000.002: editing files in windows
131.278  000.331  000.331: sourcing /home/josh/.local/share/nvim/lazy/nvim-colorizer.lua/plugin/colorizer.vim
131.285  000.396  000.065: sourcing nvim_exec2() called at VimEnter Autocommands for "*":0
131.298  000.002  000.002: sourcing nvim_exec2() called at VimEnter Autocommands for "*":0
131.314  000.003  000.003: sourcing nvim_exec2() called at VimEnter Autocommands for "*":0
132.676  000.226  000.226: require('colorizer/nvim')
132.983  000.304  000.304: require('colorizer/trie')
133.074  001.753  001.223: require('colorizer')
134.027  000.184  000.184: require('vim.health')
134.030  000.394  000.210: require('vim.deprecated.health')
134.141  001.241: VimEnter autocommands
134.202  000.061: UIEnter autocommands
134.203  000.001: before starting main loop
134.357  000.153: first screen update
134.358  000.001: --- NVIM STARTED ---

--- Startup times for process: Primary (or UI client) ---

times in msec
 clock   self+sourced   self:  sourced script
 clock   elapsed:              other lines

000.002  000.002: --- NVIM STARTING ---
000.098  000.097: event init
000.165  000.067: early init
000.270  000.106: locale set
000.296  000.026: init first window
000.586  000.290: inits 1
000.591  000.005: window checked
000.593  000.002: parsing arguments
000.993  000.034  000.034: require('vim.shared')
001.059  000.027  000.027: require('vim.inspect')
001.091  000.026  000.026: require('vim._options')
001.094  000.099  000.046: require('vim._editor')
001.095  000.157  000.024: require('vim._init_packages')
001.097  000.347: init lua interpreter
003.188  002.091: nvim_ui_attach
003.458  000.270: nvim_set_client_info
003.460  000.002: --- NVIM STARTED ---

--- Startup times for process: Embedded ---

times in msec
 clock   self+sourced   self:  sourced script
 clock   elapsed:              other lines

000.002  000.002: --- NVIM STARTING ---
000.098  000.097: event init
000.177  000.079: early init
000.280  000.103: locale set
000.304  000.024: init first window
000.559  000.256: inits 1
000.568  000.009: window checked
000.569  000.002: parsing arguments
001.000  000.032  000.032: require('vim.shared')
001.076  000.030  000.030: require('vim.inspect')
001.110  000.028  000.028: require('vim._options')
001.114  000.111  000.054: require('vim._editor')
001.115  000.166  000.022: require('vim._init_packages')
001.117  000.381: init lua interpreter
001.153  000.036: expanding arguments
001.171  000.018: inits 2
001.375  000.205: init highlight
001.376  000.001: waiting for UI
001.481  000.105: done waiting for UI
001.485  000.004: clear screen
001.581  000.011  000.011: require('vim.keymap')
002.200  000.113  000.113: sourcing nvim_exec2()
002.526  000.249  000.249: require('vim.termcap')
002.548  000.011  000.011: require('vim.text')
002.632  001.144  000.761: require('vim._defaults')
002.633  000.003: init default mappings & autocommands
002.699  000.052  000.052: sourcing /home/linuxbrew/.linuxbrew/Cellar/neovim/0.11.1/share/nvim/runtime/ftplugin.vim
002.728  000.013  000.013: sourcing /home/linuxbrew/.linuxbrew/Cellar/neovim/0.11.1/share/nvim/runtime/indent.vim
002.929  000.057  000.057: require('vim.fs')
003.030  000.098  000.098: require('vim.uri')
003.040  000.215  000.060: require('vim.loader')
003.282  000.191  000.191: require('lazy')
003.297  000.009  000.009: require('ffi')
003.325  000.025  000.025: require('lazy.stats')
003.378  000.042  000.042: require('lazy.core.util')
003.427  000.048  000.048: require('lazy.core.config')
003.530  000.061  000.061: require('lazy.core.handler')
003.707  000.055  000.055: require('lazy.pkg')
003.709  000.136  000.081: require('lazy.core.meta')
003.713  000.182  000.046: require('lazy.core.plugin')
003.717  000.290  000.047: require('lazy.core.loader')
003.839  000.027  000.027: require('lazy.core.fragments')
005.786  000.030  000.030: require('lazy.core.handler.event')
005.805  000.017  000.017: require('lazy.core.handler.cmd')
005.826  000.019  000.019: require('lazy.core.handler.ft')
005.843  000.016  000.016: require('lazy.core.handler.keys')
006.314  000.051  000.051: sourcing nvim_exec2() called at /home/linuxbrew/.linuxbrew/Cellar/neovim/0.11.1/share/nvim/runtime/filetype.lua:0
006.316  000.079  000.028: sourcing /home/linuxbrew/.linuxbrew/Cellar/neovim/0.11.1/share/nvim/runtime/filetype.lua
006.317  000.094  000.015: sourcing nvim_exec2() called at /home/josh/.config/nvim/init.lua:0
006.368  000.001  000.001: sourcing nvim_exec2() called at /home/josh/.config/nvim/init.lua:0
006.372  000.000  000.000: sourcing nvim_exec2() called at /home/josh/.config/nvim/init.lua:0
006.415  000.001  000.001: sourcing nvim_exec2() called at /home/josh/.config/nvim/init.lua:0
006.419  000.000  000.000: sourcing nvim_exec2() called at /home/josh/.config/nvim/init.lua:0
006.832  000.001  000.001: sourcing nvim_exec2() called at /home/josh/.config/nvim/init.lua:0
006.839  000.000  000.000: sourcing nvim_exec2() called at /home/josh/.config/nvim/init.lua:0
006.843  000.000  000.000: sourcing nvim_exec2() called at /home/josh/.config/nvim/init.lua:0
006.845  000.000  000.000: sourcing nvim_exec2() called at /home/josh/.config/nvim/init.lua:0
007.063  000.030  000.030: require('nio.tasks')
007.083  000.019  000.019: require('nio.control')
007.150  000.066  000.066: require('nio.uv')
007.166  000.015  000.015: require('nio.tests')
007.230  000.039  000.039: require('vim.ui')
007.233  000.067  000.028: require('nio.ui')
007.279  000.027  000.027: require('nio.streams')
007.280  000.046  000.019: require('nio.file')
007.356  000.019  000.019: require('nio.util')
007.445  000.082  000.082: require('vim.iter')
007.458  000.144  000.043: require('nio.logger')
007.461  000.181  000.036: require('nio.lsp')
007.498  000.036  000.036: require('nio.process')
007.505  000.500  000.040: require('nio')
007.782  000.096  000.096: require('dap.utils')
007.838  000.332  000.235: require('dap')
008.152  000.008  000.008: sourcing nvim_exec2() called at /home/josh/.config/nvim/init.lua:0
008.154  000.031  000.023: require('dapui.config.highlights')
008.179  000.023  000.023: sourcing nvim_exec2() called at /home/josh/.config/nvim/init.lua:0
008.201  000.202  000.148: require('dapui.config')
008.204  000.299  000.097: require('dapui.util')
008.223  000.018  000.018: require('dapui.windows.layout')
008.225  000.387  000.069: require('dapui.windows')
008.243  000.017  000.017: require('dapui.controls')
008.245  001.399  000.163: require('dapui')
008.323  000.012  000.012: sourcing nvim_exec2() called at /home/josh/.config/nvim/init.lua:0
008.393  000.028  000.028: require('dapui.client.types')
008.395  000.054  000.026: require('dapui.client')
008.437  000.042  000.042: require('dap.breakpoints')
008.459  000.016  000.016: require('dapui.client.lib')
008.495  000.019  000.019: require('dapui.render.canvas')
008.495  000.033  000.014: require('dapui.elements.breakpoints')
008.519  000.016  000.016: require('dapui.components.breakpoints')
008.540  000.015  000.015: require('dapui.elements.repl')
008.553  000.011  000.011: require('dapui.elements.scopes')
008.586  000.028  000.028: require('dapui.components.scopes')
008.604  000.017  000.017: require('dapui.components.variables')
008.624  000.014  000.014: require('dapui.elements.stacks')
008.655  000.013  000.013: require('dapui.components.frames')
008.655  000.026  000.013: require('dapui.components.threads')
008.676  000.014  000.014: require('dapui.elements.watches')
008.693  000.013  000.013: require('dapui.components.watches')
008.707  000.011  000.011: require('dapui.elements.hover')
008.725  000.011  000.011: require('dapui.components.hover')
008.743  000.014  000.014: require('dapui.elements.console')
008.868  000.041  000.041: sourcing /home/josh/.local/share/nvim/lazy/nvim-dap/plugin/dap.lua
008.871  000.054  000.013: sourcing nvim_exec2() called at /home/josh/.config/nvim/init.lua:0
008.874  000.001  000.001: sourcing nvim_exec2() called at /home/josh/.config/nvim/init.lua:0
008.878  000.000  000.000: sourcing nvim_exec2() called at /home/josh/.config/nvim/init.lua:0
008.880  002.355  000.551: require('dap')
008.885  002.464  000.109: require('nvim-dap-virtual-text')
008.921  000.005  000.005: sourcing nvim_exec2() called at /home/josh/.config/nvim/init.lua:0
008.928  000.005  000.005: sourcing nvim_exec2() called at /home/josh/.config/nvim/init.lua:0
008.974  000.014  000.014: sourcing /home/josh/.local/share/nvim/lazy/conform.nvim/plugin/conform.lua
008.975  000.021  000.007: sourcing nvim_exec2() called at /home/josh/.config/nvim/init.lua:0
008.977  000.001  000.001: sourcing nvim_exec2() called at /home/josh/.config/nvim/init.lua:0
008.979  000.000  000.000: sourcing nvim_exec2() called at /home/josh/.config/nvim/init.lua:0
009.130  000.149  000.149: require('conform')
009.158  000.001  000.001: sourcing nvim_exec2() called at /home/josh/.config/nvim/init.lua:0
009.162  000.001  000.001: sourcing nvim_exec2() called at /home/josh/.config/nvim/init.lua:0
009.395  000.019  000.019: require('nvim-autopairs._log')
009.419  000.023  000.023: require('nvim-autopairs.utils')
009.490  000.027  000.027: require('nvim-autopairs.conds')
009.493  000.053  000.026: require('nvim-autopairs.rule')
009.494  000.075  000.022: require('nvim-autopairs.rules.basic')
009.499  000.246  000.130: require('nvim-autopairs')
009.885  000.003  000.003: sourcing nvim_exec2() called at /home/josh/.config/nvim/init.lua:0
009.891  000.001  000.001: sourcing nvim_exec2() called at /home/josh/.config/nvim/init.lua:0
010.741  000.846  000.846: require('mini.icons')
010.869  000.004  000.004: sourcing nvim_exec2() called at /home/josh/.config/nvim/init.lua:0
010.878  000.001  000.001: sourcing nvim_exec2() called at /home/josh/.config/nvim/init.lua:0
011.031  000.110  000.110: require('oil')
011.048  000.016  000.016: require('oil.ringbuf')
011.093  000.045  000.045: require('oil.config')
011.734  000.536  000.536: require('vim.filetype')
012.011  000.027  000.027: require('oil.log')
012.016  000.070  000.043: require('oil.fs')
012.064  000.011  000.011: require('oil.constants')
012.069  000.052  000.042: require('oil.util')
012.358  000.013  000.013: require('Comment.config')
012.409  000.035  000.035: require('Comment.ft')
012.411  000.053  000.018: require('Comment.utils')
012.456  000.044  000.044: require('Comment.opfunc')
012.473  000.016  000.016: require('Comment.extra')
012.475  000.217  000.091: require('Comment.api')
012.562  000.423  000.206: sourcing /home/josh/.local/share/nvim/lazy/Comment.nvim/plugin/Comment.lua
012.565  000.436  000.013: sourcing nvim_exec2() called at /home/josh/.config/nvim/init.lua:0
012.574  000.002  000.002: sourcing nvim_exec2() called at /home/josh/.config/nvim/init.lua:0
012.579  000.001  000.001: sourcing nvim_exec2() called at /home/josh/.config/nvim/init.lua:0
012.601  000.020  000.020: require('Comment')
012.863  000.167  000.167: require('gitsigns')
012.974  000.095  000.095: require('gitsigns.highlight')
013.008  000.028  000.028: require('gitsigns.debug.log')
013.058  000.049  000.049: require('gitsigns.config')
013.330  000.022  000.022: require('gitsigns.debounce')
013.338  000.654  000.295: sourcing /home/josh/.local/share/nvim/lazy/gitsigns.nvim/plugin/gitsigns.lua
013.348  000.673  000.019: sourcing nvim_exec2() called at /home/josh/.config/nvim/init.lua:0
013.353  000.002  000.002: sourcing nvim_exec2() called at /home/josh/.config/nvim/init.lua:0
013.358  000.001  000.001: sourcing nvim_exec2() called at /home/josh/.config/nvim/init.lua:0
013.500  000.015  000.015: sourcing /home/josh/.local/share/nvim/lazy/plenary.nvim/plugin/plenary.vim
013.501  000.025  000.011: sourcing nvim_exec2() called at /home/josh/.config/nvim/init.lua:0
013.504  000.001  000.001: sourcing nvim_exec2() called at /home/josh/.config/nvim/init.lua:0
013.508  000.000  000.000: sourcing nvim_exec2() called at /home/josh/.config/nvim/init.lua:0
013.603  000.001  000.001: sourcing nvim_exec2() called at /home/josh/.config/nvim/init.lua:0
013.607  000.000  000.000: sourcing nvim_exec2() called at /home/josh/.config/nvim/init.lua:0
013.747  000.124  000.124: sourcing /home/josh/.local/share/nvim/lazy/telescope.nvim/plugin/telescope.lua
013.749  000.133  000.009: sourcing nvim_exec2() called at /home/josh/.config/nvim/init.lua:0
013.752  000.001  000.001: sourcing nvim_exec2() called at /home/josh/.config/nvim/init.lua:0
013.756  000.000  000.000: sourcing nvim_exec2() called at /home/josh/.config/nvim/init.lua:0
014.027  000.021  000.021: require('telescope._extensions')
014.028  000.255  000.234: require('telescope')
014.188  000.052  000.052: require('plenary.bit')
014.212  000.023  000.023: require('plenary.functional')
014.230  000.134  000.058: require('plenary.path')
014.237  000.158  000.024: require('plenary.strings')
014.260  000.022  000.022: require('telescope.deprecated')
014.423  000.004  000.004: require('vim.F')
014.451  000.108  000.104: require('plenary.log')
014.498  000.191  000.082: require('telescope.log')
014.712  000.067  000.067: require('plenary.compat')
014.720  000.154  000.087: require('plenary.job')
014.770  000.049  000.049: require('telescope.state')
014.779  000.280  000.077: require('telescope.utils')
014.784  000.523  000.053: require('telescope.sorters')
015.718  001.689  000.986: require('telescope.config')
016.212  000.004  000.004: sourcing nvim_exec2() called at /home/josh/.config/nvim/init.lua:0
016.218  000.001  000.001: sourcing nvim_exec2() called at /home/josh/.config/nvim/init.lua:0
016.701  000.100  000.100: require('nvim-treesitter.utils')
017.600  000.017  000.017: require('vim.treesitter.language')
017.615  000.012  000.012: require('vim.func')
017.632  000.015  000.015: require('vim.func._memoize')
017.683  000.129  000.084: require('vim.treesitter.query')
017.706  000.022  000.022: require('vim.treesitter._range')
017.713  000.192  000.042: require('vim.treesitter.languagetree')
017.716  000.706  000.515: require('vim.treesitter')
017.978  001.275  000.569: require('nvim-treesitter.parsers')
018.070  000.015  000.015: require('nvim-treesitter.compat')
018.113  000.026  000.026: require('nvim-treesitter.ts_utils')
018.116  000.045  000.019: require('nvim-treesitter.tsrange')
018.129  000.012  000.012: require('nvim-treesitter.caching')
018.134  000.099  000.027: require('nvim-treesitter.query')
018.140  000.136  000.037: require('nvim-treesitter.configs')
018.141  000.161  000.025: require('nvim-treesitter.info')
018.165  000.024  000.024: require('nvim-treesitter.shell_command_selectors')
018.178  001.654  000.095: require('nvim-treesitter.install')
018.191  000.013  000.013: require('nvim-treesitter.statusline')
018.210  000.018  000.018: require('nvim-treesitter.query_predicates')
018.211  001.858  000.172: require('nvim-treesitter')
018.499  002.177  000.319: sourcing /home/josh/.local/share/nvim/lazy/nvim-treesitter/plugin/nvim-treesitter.lua
018.502  002.190  000.012: sourcing nvim_exec2() called at /home/josh/.config/nvim/init.lua:0
018.507  000.001  000.001: sourcing nvim_exec2() called at /home/josh/.config/nvim/init.lua:0
018.512  000.000  000.000: sourcing nvim_exec2() called at /home/josh/.config/nvim/init.lua:0
019.486  000.001  000.001: sourcing nvim_exec2() called at /home/josh/.config/nvim/init.lua:0
019.493  000.001  000.001: sourcing nvim_exec2() called at /home/josh/.config/nvim/init.lua:0
019.594  000.005  000.005: sourcing /home/josh/.local/share/nvim/lazy/diagflow.nvim/plugin/diagflow.vim
019.596  000.015  000.011: sourcing nvim_exec2() called at /home/josh/.config/nvim/init.lua:0
019.598  000.001  000.001: sourcing nvim_exec2() called at /home/josh/.config/nvim/init.lua:0
019.601  000.000  000.000: sourcing nvim_exec2() called at /home/josh/.config/nvim/init.lua:0
019.822  000.038  000.038: require('diagflow.lazy')
019.825  000.176  000.137: require('diagflow')
020.087  000.201  000.201: require('vim.diagnostic')
020.233  000.015  000.015: sourcing /home/josh/.local/share/nvim/lazy/zen-mode.nvim/plugin/zen-mode.vim
020.235  000.053  000.038: sourcing nvim_exec2() called at /home/josh/.config/nvim/init.lua:0
020.239  000.001  000.001: sourcing nvim_exec2() called at /home/josh/.config/nvim/init.lua:0
020.244  000.001  000.001: sourcing nvim_exec2() called at /home/josh/.config/nvim/init.lua:0
020.387  000.001  000.001: sourcing nvim_exec2() called at /home/josh/.config/nvim/init.lua:0
020.404  000.001  000.001: sourcing nvim_exec2() called at /home/josh/.config/nvim/init.lua:0
020.558  000.015  000.015: require('mason-core.path')
020.619  000.013  000.013: require('mason-core.functional.data')
020.637  000.017  000.017: require('mason-core.functional.function')
020.664  000.025  000.025: require('mason-core.functional.list')
020.711  000.021  000.021: require('mason-core.functional.relation')
020.743  000.030  000.030: require('mason-core.functional.logic')
020.764  000.018  000.018: require('mason-core.functional.number')
020.783  000.016  000.016: require('mason-core.functional.string')
020.802  000.017  000.017: require('mason-core.functional.table')
020.816  000.012  000.012: require('mason-core.functional.type')
020.817  000.232  000.063: require('mason-core.functional')
020.831  000.272  000.040: require('mason-core.platform')
020.864  000.032  000.032: require('mason.settings')
020.866  000.354  000.034: require('mason-core.installer.InstallLocation')
020.919  000.028  000.028: require('mason-core.log')
020.921  000.039  000.011: require('mason-core.EventEmitter')
020.939  000.017  000.017: require('mason-registry.sources')
020.944  000.077  000.021: require('mason-registry')
020.945  000.535  000.104: require('mason')
021.013  000.036  000.036: require('mason.api.command')
021.241  000.147  000.147: sourcing /home/josh/.local/share/nvim/lazy/vim-sleuth/plugin/sleuth.vim
021.243  000.156  000.009: sourcing nvim_exec2() called at /home/josh/.config/nvim/init.lua:0
021.246  000.001  000.001: sourcing nvim_exec2() called at /home/josh/.config/nvim/init.lua:0
021.249  000.000  000.000: sourcing nvim_exec2() called at /home/josh/.config/nvim/init.lua:0
021.495  000.014  000.014: sourcing /home/josh/.local/share/nvim/lazy/lush.nvim/plugin/lush.vim
021.496  000.022  000.009: sourcing nvim_exec2() called at /home/josh/.config/nvim/init.lua:0
021.499  000.001  000.001: sourcing nvim_exec2() called at /home/josh/.config/nvim/init.lua:0
021.503  000.000  000.000: sourcing nvim_exec2() called at /home/josh/.config/nvim/init.lua:0
021.506  000.000  000.000: sourcing nvim_exec2() called at /home/josh/.config/nvim/init.lua:0
021.509  000.000  000.000: sourcing nvim_exec2() called at /home/josh/.config/nvim/init.lua:0
021.732  000.031  000.031: require('vim.lsp.log')
021.988  000.255  000.255: require('vim.lsp.protocol')
022.096  000.106  000.106: require('vim.lsp.util')
022.158  000.029  000.029: require('vim.lsp.sync')
022.161  000.063  000.034: require('vim.lsp._changetracking')
022.217  000.022  000.022: require('vim.lsp._transport')
022.238  000.076  000.054: require('vim.lsp.rpc')
022.285  000.662  000.132: require('vim.lsp')
022.506  000.220  000.220: require('lspconfig.util')
022.597  000.085  000.085: require('vim.version')
023.776  002.190  001.224: sourcing /home/josh/.local/share/nvim/lazy/nvim-lspconfig/plugin/lspconfig.lua
023.782  002.202  000.011: sourcing nvim_exec2() called at /home/josh/.config/nvim/init.lua:0
023.791  000.004  000.004: sourcing nvim_exec2() called at /home/josh/.config/nvim/init.lua:0
023.801  000.001  000.001: sourcing nvim_exec2() called at /home/josh/.config/nvim/init.lua:0
023.949  000.043  000.043: require('lspconfig.async')
023.951  000.088  000.045: require('lspconfig.configs')
023.957  000.146  000.058: require('lspconfig')
024.029  000.072  000.072: require('lspconfig.configs.lua_ls')
024.118  000.034  000.034: require('lspconfig.manager')
024.159  000.039  000.039: require('lspconfig.configs.clangd')
024.258  000.028  000.028: require('lspconfig.configs.rust_analyzer')
024.300  000.029  000.029: require('lspconfig.configs.ts_ls')
024.391  000.027  000.027: require('lspconfig.configs.zls')
024.581  000.021  000.021: sourcing /home/josh/.local/share/nvim/lazy/nvim-web-devicons/plugin/nvim-web-devicons.vim
024.583  000.045  000.025: sourcing nvim_exec2() called at /home/josh/.config/nvim/init.lua:0
024.586  000.001  000.001: sourcing nvim_exec2() called at /home/josh/.config/nvim/init.lua:0
024.591  000.001  000.001: sourcing nvim_exec2() called at /home/josh/.config/nvim/init.lua:0
024.599  000.001  000.001: sourcing nvim_exec2() called at /home/josh/.config/nvim/init.lua:0
024.603  000.000  000.000: sourcing nvim_exec2() called at /home/josh/.config/nvim/init.lua:0
024.929  000.053  000.053: require('lualine_require')
025.168  000.563  000.509: require('lualine')
025.357  000.007  000.007: sourcing nvim_exec2() called at /home/josh/.config/nvim/init.lua:0
025.666  000.060  000.060: require('lualine.highlight')
025.915  000.005  000.005: sourcing nvim_exec2() called at /home/josh/.config/nvim/init.lua:0
025.924  000.001  000.001: sourcing nvim_exec2() called at /home/josh/.config/nvim/init.lua:0
025.929  000.002  000.002: sourcing nvim_exec2() called at /home/josh/.config/nvim/init.lua:0
025.934  000.001  000.001: sourcing nvim_exec2() called at /home/josh/.config/nvim/init.lua:0
025.937  000.001  000.001: sourcing nvim_exec2() called at /home/josh/.config/nvim/init.lua:0
025.941  000.001  000.001: sourcing nvim_exec2() called at /home/josh/.config/nvim/init.lua:0
025.945  000.001  000.001: sourcing nvim_exec2() called at /home/josh/.config/nvim/init.lua:0
025.948  000.001  000.001: sourcing nvim_exec2() called at /home/josh/.config/nvim/init.lua:0
025.953  000.001  000.001: sourcing nvim_exec2() called at /home/josh/.config/nvim/init.lua:0
026.010  000.002  000.002: sourcing nvim_exec2() called at /home/josh/.config/nvim/init.lua:0
026.019  000.001  000.001: sourcing nvim_exec2() called at /home/josh/.config/nvim/init.lua:0
026.058  000.002  000.002: sourcing nvim_exec2() called at /home/josh/.config/nvim/init.lua:0
026.072  000.012  000.012: sourcing nvim_exec2() called at /home/josh/.config/nvim/init.lua:0
026.076  000.001  000.001: sourcing nvim_exec2() called at /home/josh/.config/nvim/init.lua:0
026.081  000.001  000.001: sourcing nvim_exec2() called at /home/josh/.config/nvim/init.lua:0
026.083  000.001  000.001: sourcing nvim_exec2() called at /home/josh/.config/nvim/init.lua:0
026.087  000.001  000.001: sourcing nvim_exec2() called at /home/josh/.config/nvim/init.lua:0
026.092  000.001  000.001: sourcing nvim_exec2() called at /home/josh/.config/nvim/init.lua:0
026.095  000.001  000.001: sourcing nvim_exec2() called at /home/josh/.config/nvim/init.lua:0
026.098  000.001  000.001: sourcing nvim_exec2() called at /home/josh/.config/nvim/init.lua:0
026.104  000.001  000.001: sourcing nvim_exec2() called at /home/josh/.config/nvim/init.lua:0
026.107  000.001  000.001: sourcing nvim_exec2() called at /home/josh/.config/nvim/init.lua:0
026.114  000.006  000.006: sourcing nvim_exec2() called at /home/josh/.config/nvim/init.lua:0
026.973  000.004  000.004: sourcing nvim_exec2() called at /home/josh/.config/nvim/init.lua:0
026.979  000.003  000.003: sourcing nvim_exec2() called at /home/josh/.config/nvim/init.lua:0
027.159  000.004  000.004: sourcing nvim_exec2() called at /home/josh/.config/nvim/init.lua:0
027.165  000.001  000.001: sourcing nvim_exec2() called at /home/josh/.config/nvim/init.lua:0
027.170  000.001  000.001: sourcing nvim_exec2() called at /home/josh/.config/nvim/init.lua:0
027.174  000.001  000.001: sourcing nvim_exec2() called at /home/josh/.config/nvim/init.lua:0
027.177  000.001  000.001: sourcing nvim_exec2() called at /home/josh/.config/nvim/init.lua:0
027.181  000.001  000.001: sourcing nvim_exec2() called at /home/josh/.config/nvim/init.lua:0
027.185  000.001  000.001: sourcing nvim_exec2() called at /home/josh/.config/nvim/init.lua:0
027.191  000.001  000.001: sourcing nvim_exec2() called at /home/josh/.config/nvim/init.lua:0
027.194  000.001  000.001: sourcing nvim_exec2() called at /home/josh/.config/nvim/init.lua:0
027.197  000.001  000.001: sourcing nvim_exec2() called at /home/josh/.config/nvim/init.lua:0
027.200  000.001  000.001: sourcing nvim_exec2() called at /home/josh/.config/nvim/init.lua:0
027.204  000.001  000.001: sourcing nvim_exec2() called at /home/josh/.config/nvim/init.lua:0
027.209  000.001  000.001: sourcing nvim_exec2() called at /home/josh/.config/nvim/init.lua:0
027.212  000.001  000.001: sourcing nvim_exec2() called at /home/josh/.config/nvim/init.lua:0
027.217  000.001  000.001: sourcing nvim_exec2() called at /home/josh/.config/nvim/init.lua:0
027.220  000.001  000.001: sourcing nvim_exec2() called at /home/josh/.config/nvim/init.lua:0
027.230  000.001  000.001: sourcing nvim_exec2() called at /home/josh/.config/nvim/init.lua:0
027.233  000.001  000.001: sourcing nvim_exec2() called at /home/josh/.config/nvim/init.lua:0
027.236  000.001  000.001: sourcing nvim_exec2() called at /home/josh/.config/nvim/init.lua:0
027.241  000.001  000.001: sourcing nvim_exec2() called at /home/josh/.config/nvim/init.lua:0
027.244  000.001  000.001: sourcing nvim_exec2() called at /home/josh/.config/nvim/init.lua:0
027.348  000.003  000.003: sourcing nvim_exec2() called at /home/josh/.config/nvim/init.lua:0
027.352  000.001  000.001: sourcing nvim_exec2() called at /home/josh/.config/nvim/init.lua:0
027.353  000.001  000.001: sourcing nvim_exec2() called at /home/josh/.config/nvim/init.lua:0
027.356  000.002  000.002: sourcing nvim_exec2() called at /home/josh/.config/nvim/init.lua:0
027.687  000.003  000.003: sourcing nvim_exec2() called at /home/josh/.config/nvim/init.lua:0
027.693  000.002  000.002: sourcing nvim_exec2() called at /home/josh/.config/nvim/init.lua:0
027.696  000.001  000.001: sourcing nvim_exec2() called at /home/josh/.config/nvim/init.lua:0
027.700  000.001  000.001: sourcing nvim_exec2() called at /home/josh/.config/nvim/init.lua:0
027.703  000.001  000.001: sourcing nvim_exec2() called at /home/josh/.config/nvim/init.lua:0
027.707  000.001  000.001: sourcing nvim_exec2() called at /home/josh/.config/nvim/init.lua:0
027.709  000.001  000.001: sourcing nvim_exec2() called at /home/josh/.config/nvim/init.lua:0
027.725  000.001  000.001: sourcing nvim_exec2() called at /home/josh/.config/nvim/init.lua:0
027.728  000.001  000.001: sourcing nvim_exec2() called at /home/josh/.config/nvim/init.lua:0
027.731  000.001  000.001: sourcing nvim_exec2() called at /home/josh/.config/nvim/init.lua:0
027.734  000.001  000.001: sourcing nvim_exec2() called at /home/josh/.config/nvim/init.lua:0
027.737  000.001  000.001: sourcing nvim_exec2() called at /home/josh/.config/nvim/init.lua:0
027.741  000.001  000.001: sourcing nvim_exec2() called at /home/josh/.config/nvim/init.lua:0
027.744  000.001  000.001: sourcing nvim_exec2() called at /home/josh/.config/nvim/init.lua:0
027.749  000.001  000.001: sourcing nvim_exec2() called at /home/josh/.config/nvim/init.lua:0
027.752  000.001  000.001: sourcing nvim_exec2() called at /home/josh/.config/nvim/init.lua:0
027.755  000.001  000.001: sourcing nvim_exec2() called at /home/josh/.config/nvim/init.lua:0
027.759  000.001  000.001: sourcing nvim_exec2() called at /home/josh/.config/nvim/init.lua:0
027.763  000.001  000.001: sourcing nvim_exec2() called at /home/josh/.config/nvim/init.lua:0
027.765  000.001  000.001: sourcing nvim_exec2() called at /home/josh/.config/nvim/init.lua:0
027.769  000.001  000.001: sourcing nvim_exec2() called at /home/josh/.config/nvim/init.lua:0
027.773  000.001  000.001: sourcing nvim_exec2() called at /home/josh/.config/nvim/init.lua:0
027.778  000.001  000.001: sourcing nvim_exec2() called at /home/josh/.config/nvim/init.lua:0
027.781  000.001  000.001: sourcing nvim_exec2() called at /home/josh/.config/nvim/init.lua:0
027.784  000.001  000.001: sourcing nvim_exec2() called at /home/josh/.config/nvim/init.lua:0
027.787  000.001  000.001: sourcing nvim_exec2() called at /home/josh/.config/nvim/init.lua:0
027.790  000.001  000.001: sourcing nvim_exec2() called at /home/josh/.config/nvim/init.lua:0
027.792  000.001  000.001: sourcing nvim_exec2() called at /home/josh/.config/nvim/init.lua:0
027.874  000.031  000.031: require('lualine.utils.mode')
028.101  000.009  000.009: sourcing nvim_exec2() called at /home/josh/.config/nvim/init.lua:0
028.119  000.003  000.003: sourcing nvim_exec2() called at /home/josh/.config/nvim/init.lua:0
028.130  000.009  000.009: sourcing nvim_exec2() called at /home/josh/.config/nvim/init.lua:0
028.147  000.004  000.004: sourcing nvim_exec2() called at /home/josh/.config/nvim/init.lua:0
028.151  000.002  000.002: sourcing nvim_exec2() called at /home/josh/.config/nvim/init.lua:0
028.262  000.033  000.033: sourcing /home/linuxbrew/.linuxbrew/Cellar/neovim/0.11.1/share/nvim/runtime/plugin/editorconfig.lua
028.263  000.046  000.013: sourcing nvim_exec2() called at /home/josh/.config/nvim/init.lua:0
028.364  000.074  000.074: sourcing /home/linuxbrew/.linuxbrew/Cellar/neovim/0.11.1/share/nvim/runtime/plugin/gzip.vim
028.366  000.099  000.025: sourcing nvim_exec2() called at /home/josh/.config/nvim/init.lua:0
028.412  000.032  000.032: sourcing /home/linuxbrew/.linuxbrew/Cellar/neovim/0.11.1/share/nvim/runtime/plugin/man.lua
028.413  000.040  000.008: sourcing nvim_exec2() called at /home/josh/.config/nvim/init.lua:0
028.622  000.081  000.081: sourcing /home/linuxbrew/.linuxbrew/Cellar/neovim/0.11.1/share/nvim/runtime/pack/dist/opt/matchit/plugin/matchit.vim
028.628  000.206  000.124: sourcing /home/linuxbrew/.linuxbrew/Cellar/neovim/0.11.1/share/nvim/runtime/plugin/matchit.vim
028.629  000.213  000.007: sourcing nvim_exec2() called at /home/josh/.config/nvim/init.lua:0
028.688  000.050  000.050: sourcing /home/linuxbrew/.linuxbrew/Cellar/neovim/0.11.1/share/nvim/runtime/plugin/matchparen.vim
028.689  000.057  000.007: sourcing nvim_exec2() called at /home/josh/.config/nvim/init.lua:0
028.700  000.003  000.003: sourcing /home/linuxbrew/.linuxbrew/Cellar/neovim/0.11.1/share/nvim/runtime/plugin/netrwPlugin.vim
028.701  000.010  000.007: sourcing nvim_exec2() called at /home/josh/.config/nvim/init.lua:0
028.734  000.025  000.025: sourcing /home/linuxbrew/.linuxbrew/Cellar/neovim/0.11.1/share/nvim/runtime/plugin/osc52.lua
028.735  000.031  000.006: sourcing nvim_exec2() called at /home/josh/.config/nvim/init.lua:0
028.797  000.056  000.056: sourcing /home/linuxbrew/.linuxbrew/Cellar/neovim/0.11.1/share/nvim/runtime/plugin/rplugin.vim
028.798  000.062  000.006: sourcing nvim_exec2() called at /home/josh/.config/nvim/init.lua:0
028.827  000.021  000.021: sourcing /home/linuxbrew/.linuxbrew/Cellar/neovim/0.11.1/share/nvim/runtime/plugin/shada.vim
028.827  000.027  000.006: sourcing nvim_exec2() called at /home/josh/.config/nvim/init.lua:0
028.843  000.006  000.006: sourcing /home/linuxbrew/.linuxbrew/Cellar/neovim/0.11.1/share/nvim/runtime/plugin/spellfile.vim
028.843  000.013  000.007: sourcing nvim_exec2() called at /home/josh/.config/nvim/init.lua:0
028.885  000.035  000.035: sourcing /home/linuxbrew/.linuxbrew/Cellar/neovim/0.11.1/share/nvim/runtime/plugin/tarPlugin.vim
028.886  000.041  000.006: sourcing nvim_exec2() called at /home/josh/.config/nvim/init.lua:0
028.914  000.021  000.021: sourcing /home/linuxbrew/.linuxbrew/Cellar/neovim/0.11.1/share/nvim/runtime/plugin/tohtml.lua
028.915  000.027  000.006: sourcing nvim_exec2() called at /home/josh/.config/nvim/init.lua:0
028.928  000.005  000.005: sourcing /home/linuxbrew/.linuxbrew/Cellar/neovim/0.11.1/share/nvim/runtime/plugin/tutor.vim
028.929  000.012  000.007: sourcing nvim_exec2() called at /home/josh/.config/nvim/init.lua:0
028.981  000.045  000.045: sourcing /home/linuxbrew/.linuxbrew/Cellar/neovim/0.11.1/share/nvim/runtime/plugin/zipPlugin.vim
028.982  000.052  000.006: sourcing nvim_exec2() called at /home/josh/.config/nvim/init.lua:0
029.164  000.090  000.090: require('opts')
029.438  000.272  000.272: require('keymaps')
029.583  000.115  000.115: require('telescope.builtin')
029.595  000.156  000.040: require('telescope_conf')
029.901  000.046  000.046: require('harpoon.utils')
029.906  000.125  000.079: require('harpoon.logger')
030.142  000.083  000.083: require('harpoon.autocmd')
030.149  000.176  000.093: require('harpoon.buffer')
030.224  000.075  000.075: require('harpoon.extensions')
030.228  000.322  000.072: require('harpoon.ui')
030.335  000.106  000.106: require('harpoon.data')
030.394  000.058  000.058: require('harpoon.config')
030.458  000.063  000.063: require('harpoon.list')
032.463  002.750  002.076: require('harpoon')
032.517  002.921  000.171: require('harpoon_conf')
033.149  000.064  000.064: sourcing /home/josh/.local/share/nvim/lazy/gruvbox-material/autoload/gruvbox_material.vim
037.160  004.140  004.076: sourcing /home/josh/.local/share/nvim/lazy/gruvbox-material/colors/gruvbox-material.vim
037.197  000.012  000.012: sourcing nvim_exec2() called at ColorScheme Autocommands for "*":0
037.605  000.007  000.007: sourcing nvim_exec2() called at ColorScheme Autocommands for "*":0
037.953  000.002  000.002: sourcing nvim_exec2() called at ColorScheme Autocommands for "*":0
037.956  000.001  000.001: sourcing nvim_exec2() called at ColorScheme Autocommands for "*":0
037.958  000.001  000.001: sourcing nvim_exec2() called at ColorScheme Autocommands for "*":0
037.959  000.001  000.001: sourcing nvim_exec2() called at ColorScheme Autocommands for "*":0
037.960  000.000  000.000: sourcing nvim_exec2() called at ColorScheme Autocommands for "*":0
037.961  000.001  000.001: sourcing nvim_exec2() called at ColorScheme Autocommands for "*":0
037.963  000.001  000.001: sourcing nvim_exec2() called at ColorScheme Autocommands for "*":0
037.979  000.001  000.001: sourcing nvim_exec2() called at ColorScheme Autocommands for "*":0
037.981  000.000  000.000: sourcing nvim_exec2() called at ColorScheme Autocommands for "*":0
037.990  000.001  000.001: sourcing nvim_exec2() called at ColorScheme Autocommands for "*":0
037.992  000.001  000.001: sourcing nvim_exec2() called at ColorScheme Autocommands for "*":0
037.993  000.001  000.001: sourcing nvim_exec2() called at ColorScheme Autocommands for "*":0
037.994  000.000  000.000: sourcing nvim_exec2() called at ColorScheme Autocommands for "*":0
037.995  000.000  000.000: sourcing nvim_exec2() called at ColorScheme Autocommands for "*":0
038.011  000.001  000.001: sourcing nvim_exec2() called at ColorScheme Autocommands for "*":0
038.012  000.001  000.001: sourcing nvim_exec2() called at ColorScheme Autocommands for "*":0
038.026  000.000  000.000: sourcing nvim_exec2() called at ColorScheme Autocommands for "*":0
038.027  000.000  000.000: sourcing nvim_exec2() called at ColorScheme Autocommands for "*":0
038.028  000.000  000.000: sourcing nvim_exec2() called at ColorScheme Autocommands for "*":0
038.030  000.001  000.001: sourcing nvim_exec2() called at ColorScheme Autocommands for "*":0
038.031  000.001  000.001: sourcing nvim_exec2() called at ColorScheme Autocommands for "*":0
038.032  000.000  000.000: sourcing nvim_exec2() called at ColorScheme Autocommands for "*":0
038.033  000.001  000.001: sourcing nvim_exec2() called at ColorScheme Autocommands for "*":0
038.035  000.001  000.001: sourcing nvim_exec2() called at ColorScheme Autocommands for "*":0
038.036  000.000  000.000: sourcing nvim_exec2() called at ColorScheme Autocommands for "*":0
038.037  000.000  000.000: sourcing nvim_exec2() called at ColorScheme Autocommands for "*":0
038.038  000.000  000.000: sourcing nvim_exec2() called at ColorScheme Autocommands for "*":0
038.039  000.001  000.001: sourcing nvim_exec2() called at ColorScheme Autocommands for "*":0
038.040  000.000  000.000: sourcing nvim_exec2() called at ColorScheme Autocommands for "*":0
038.041  000.001  000.001: sourcing nvim_exec2() called at ColorScheme Autocommands for "*":0
038.042  000.000  000.000: sourcing nvim_exec2() called at ColorScheme Autocommands for "*":0
038.044  000.001  000.001: sourcing nvim_exec2() called at ColorScheme Autocommands for "*":0
038.045  000.000  000.000: sourcing nvim_exec2() called at ColorScheme Autocommands for "*":0
038.046  000.000  000.000: sourcing nvim_exec2() called at ColorScheme Autocommands for "*":0
038.047  000.000  000.000: sourcing nvim_exec2() called at ColorScheme Autocommands for "*":0
038.048  000.000  000.000: sourcing nvim_exec2() called at ColorScheme Autocommands for "*":0
038.049  000.001  000.001: sourcing nvim_exec2() called at ColorScheme Autocommands for "*":0
038.050  000.001  000.001: sourcing nvim_exec2() called at ColorScheme Autocommands for "*":0
038.052  000.000  000.000: sourcing nvim_exec2() called at ColorScheme Autocommands for "*":0
038.053  000.000  000.000: sourcing nvim_exec2() called at ColorScheme Autocommands for "*":0
038.055  000.000  000.000: sourcing nvim_exec2() called at ColorScheme Autocommands for "*":0
038.056  000.001  000.001: sourcing nvim_exec2() called at ColorScheme Autocommands for "*":0
038.057  000.001  000.001: sourcing nvim_exec2() called at ColorScheme Autocommands for "*":0
038.058  000.000  000.000: sourcing nvim_exec2() called at ColorScheme Autocommands for "*":0
038.059  000.000  000.000: sourcing nvim_exec2() called at ColorScheme Autocommands for "*":0
038.060  000.001  000.001: sourcing nvim_exec2() called at ColorScheme Autocommands for "*":0
038.061  000.001  000.001: sourcing nvim_exec2() called at ColorScheme Autocommands for "*":0
038.063  000.001  000.001: sourcing nvim_exec2() called at ColorScheme Autocommands for "*":0
038.064  000.000  000.000: sourcing nvim_exec2() called at ColorScheme Autocommands for "*":0
038.065  000.000  000.000: sourcing nvim_exec2() called at ColorScheme Autocommands for "*":0
038.066  000.000  000.000: sourcing nvim_exec2() called at ColorScheme Autocommands for "*":0
038.071  000.000  000.000: sourcing nvim_exec2() called at ColorScheme Autocommands for "*":0
038.072  000.000  000.000: sourcing nvim_exec2() called at ColorScheme Autocommands for "*":0
038.073  000.000  000.000: sourcing nvim_exec2() called at ColorScheme Autocommands for "*":0
038.074  000.000  000.000: sourcing nvim_exec2() called at ColorScheme Autocommands for "*":0
038.075  000.000  000.000: sourcing nvim_exec2() called at ColorScheme Autocommands for "*":0
038.076  000.000  000.000: sourcing nvim_exec2() called at ColorScheme Autocommands for "*":0
038.078  000.000  000.000: sourcing nvim_exec2() called at ColorScheme Autocommands for "*":0
038.079  000.001  000.001: sourcing nvim_exec2() called at ColorScheme Autocommands for "*":0
038.080  000.000  000.000: sourcing nvim_exec2() called at ColorScheme Autocommands for "*":0
038.081  000.001  000.001: sourcing nvim_exec2() called at ColorScheme Autocommands for "*":0
038.082  000.000  000.000: sourcing nvim_exec2() called at ColorScheme Autocommands for "*":0
038.083  000.000  000.000: sourcing nvim_exec2() called at ColorScheme Autocommands for "*":0
038.084  000.000  000.000: sourcing nvim_exec2() called at ColorScheme Autocommands for "*":0
038.085  000.001  000.001: sourcing nvim_exec2() called at ColorScheme Autocommands for "*":0
038.087  000.001  000.001: sourcing nvim_exec2() called at ColorScheme Autocommands for "*":0
038.088  000.001  000.001: sourcing nvim_exec2() called at ColorScheme Autocommands for "*":0
038.089  000.000  000.000: sourcing nvim_exec2() called at ColorScheme Autocommands for "*":0
038.091  000.001  000.001: sourcing nvim_exec2() called at ColorScheme Autocommands for "*":0
038.092  000.000  000.000: sourcing nvim_exec2() called at ColorScheme Autocommands for "*":0
038.093  000.000  000.000: sourcing nvim_exec2() called at ColorScheme Autocommands for "*":0
038.102  000.003  000.003: sourcing nvim_exec2() called at ColorScheme Autocommands for "*":0
038.112  000.001  000.001: sourcing nvim_exec2() called at ColorScheme Autocommands for "*":0
038.116  000.001  000.001: sourcing nvim_exec2() called at ColorScheme Autocommands for "*":0
038.119  000.001  000.001: sourcing nvim_exec2() called at ColorScheme Autocommands for "*":0
038.123  000.001  000.001: sourcing nvim_exec2() called at ColorScheme Autocommands for "*":0
038.126  000.001  000.001: sourcing nvim_exec2() called at ColorScheme Autocommands for "*":0
038.129  000.001  000.001: sourcing nvim_exec2() called at ColorScheme Autocommands for "*":0
038.131  000.001  000.001: sourcing nvim_exec2() called at ColorScheme Autocommands for "*":0
038.135  000.001  000.001: sourcing nvim_exec2() called at ColorScheme Autocommands for "*":0
038.137  000.001  000.001: sourcing nvim_exec2() called at ColorScheme Autocommands for "*":0
038.140  000.001  000.001: sourcing nvim_exec2() called at ColorScheme Autocommands for "*":0
038.143  000.001  000.001: sourcing nvim_exec2() called at ColorScheme Autocommands for "*":0
038.146  000.001  000.001: sourcing nvim_exec2() called at ColorScheme Autocommands for "*":0
038.149  000.001  000.001: sourcing nvim_exec2() called at ColorScheme Autocommands for "*":0
038.152  000.001  000.001: sourcing nvim_exec2() called at ColorScheme Autocommands for "*":0
038.154  000.001  000.001: sourcing nvim_exec2() called at ColorScheme Autocommands for "*":0
038.158  000.001  000.001: sourcing nvim_exec2() called at ColorScheme Autocommands for "*":0
038.220  000.002  000.002: sourcing nvim_exec2() called at ColorScheme Autocommands for "*":0
038.236  000.001  000.001: sourcing nvim_exec2() called at ColorScheme Autocommands for "*":0
038.256  000.001  000.001: sourcing nvim_exec2() called at ColorScheme Autocommands for "*":0
038.258  000.001  000.001: sourcing nvim_exec2() called at ColorScheme Autocommands for "*":0
038.260  000.001  000.001: sourcing nvim_exec2() called at ColorScheme Autocommands for "*":0
038.270  000.008  000.008: sourcing nvim_exec2() called at ColorScheme Autocommands for "*":0
038.299  000.001  000.001: sourcing nvim_exec2() called at ColorScheme Autocommands for "*":0
038.302  000.001  000.001: sourcing nvim_exec2() called at ColorScheme Autocommands for "*":0
038.319  000.001  000.001: sourcing nvim_exec2() called at ColorScheme Autocommands for "*":0
038.322  000.001  000.001: sourcing nvim_exec2() called at ColorScheme Autocommands for "*":0
038.325  000.001  000.001: sourcing nvim_exec2() called at ColorScheme Autocommands for "*":0
038.327  000.001  000.001: sourcing nvim_exec2() called at ColorScheme Autocommands for "*":0
038.330  000.001  000.001: sourcing nvim_exec2() called at ColorScheme Autocommands for "*":0
038.338  000.001  000.001: sourcing nvim_exec2() called at ColorScheme Autocommands for "*":0
038.340  000.001  000.001: sourcing nvim_exec2() called at ColorScheme Autocommands for "*":0
038.374  000.001  000.001: sourcing nvim_exec2() called at ColorScheme Autocommands for "*":0
038.376  000.001  000.001: sourcing nvim_exec2() called at ColorScheme Autocommands for "*":0
038.379  000.001  000.001: sourcing nvim_exec2() called at ColorScheme Autocommands for "*":0
038.381  000.001  000.001: sourcing nvim_exec2() called at ColorScheme Autocommands for "*":0
038.384  000.001  000.001: sourcing nvim_exec2() called at ColorScheme Autocommands for "*":0
038.386  000.001  000.001: sourcing nvim_exec2() called at ColorScheme Autocommands for "*":0
038.389  000.001  000.001: sourcing nvim_exec2() called at ColorScheme Autocommands for "*":0
038.413  000.001  000.001: sourcing nvim_exec2() called at ColorScheme Autocommands for "*":0
038.416  000.001  000.001: sourcing nvim_exec2() called at ColorScheme Autocommands for "*":0
038.454  000.001  000.001: sourcing nvim_exec2() called at ColorScheme Autocommands for "*":0
038.457  000.001  000.001: sourcing nvim_exec2() called at ColorScheme Autocommands for "*":0
038.475  000.001  000.001: sourcing nvim_exec2() called at ColorScheme Autocommands for "*":0
038.478  000.001  000.001: sourcing nvim_exec2() called at ColorScheme Autocommands for "*":0
038.481  000.001  000.001: sourcing nvim_exec2() called at ColorScheme Autocommands for "*":0
038.485  000.003  000.003: sourcing nvim_exec2() called at ColorScheme Autocommands for "*":0
038.488  000.001  000.001: sourcing nvim_exec2() called at ColorScheme Autocommands for "*":0
038.493  000.004  000.004: sourcing nvim_exec2() called at ColorScheme Autocommands for "*":0
038.495  000.001  000.001: sourcing nvim_exec2() called at ColorScheme Autocommands for "*":0
038.533  000.001  000.001: sourcing nvim_exec2() called at ColorScheme Autocommands for "*":0
038.536  000.001  000.001: sourcing nvim_exec2() called at ColorScheme Autocommands for "*":0
038.538  000.001  000.001: sourcing nvim_exec2() called at ColorScheme Autocommands for "*":0
038.540  000.001  000.001: sourcing nvim_exec2() called at ColorScheme Autocommands for "*":0
038.543  000.001  000.001: sourcing nvim_exec2() called at ColorScheme Autocommands for "*":0
038.545  000.001  000.001: sourcing nvim_exec2() called at ColorScheme Autocommands for "*":0
038.547  000.001  000.001: sourcing nvim_exec2() called at ColorScheme Autocommands for "*":0
038.561  000.001  000.001: sourcing nvim_exec2() called at ColorScheme Autocommands for "*":0
038.563  000.001  000.001: sourcing nvim_exec2() called at ColorScheme Autocommands for "*":0
038.566  000.001  000.001: sourcing nvim_exec2() called at ColorScheme Autocommands for "*":0
038.568  000.001  000.001: sourcing nvim_exec2() called at ColorScheme Autocommands for "*":0
038.570  000.001  000.001: sourcing nvim_exec2() called at ColorScheme Autocommands for "*":0
038.575  000.002  000.002: sourcing nvim_exec2() called at ColorScheme Autocommands for "*":0
038.586  000.001  000.001: sourcing nvim_exec2() called at ColorScheme Autocommands for "*":0
038.598  000.001  000.001: sourcing nvim_exec2() called at ColorScheme Autocommands for "*":0
038.606  000.001  000.001: sourcing nvim_exec2() called at ColorScheme Autocommands for "*":0
038.609  000.001  000.001: sourcing nvim_exec2() called at ColorScheme Autocommands for "*":0
038.611  000.001  000.001: sourcing nvim_exec2() called at ColorScheme Autocommands for "*":0
038.614  000.001  000.001: sourcing nvim_exec2() called at ColorScheme Autocommands for "*":0
038.616  000.001  000.001: sourcing nvim_exec2() called at ColorScheme Autocommands for "*":0
038.621  000.001  000.001: sourcing nvim_exec2() called at ColorScheme Autocommands for "*":0
038.645  000.001  000.001: sourcing nvim_exec2() called at ColorScheme Autocommands for "*":0
038.650  000.001  000.001: sourcing nvim_exec2() called at ColorScheme Autocommands for "*":0
038.652  000.001  000.001: sourcing nvim_exec2() called at ColorScheme Autocommands for "*":0
038.655  000.001  000.001: sourcing nvim_exec2() called at ColorScheme Autocommands for "*":0
038.657  000.001  000.001: sourcing nvim_exec2() called at ColorScheme Autocommands for "*":0
038.660  000.001  000.001: sourcing nvim_exec2() called at ColorScheme Autocommands for "*":0
038.662  000.001  000.001: sourcing nvim_exec2() called at ColorScheme Autocommands for "*":0
038.726  000.008  000.008: sourcing nvim_exec2() called at ColorScheme Autocommands for "*":0
038.733  000.002  000.002: sourcing nvim_exec2() called at ColorScheme Autocommands for "*":0
038.741  000.006  000.006: sourcing nvim_exec2() called at ColorScheme Autocommands for "*":0
038.763  000.004  000.004: sourcing nvim_exec2() called at ColorScheme Autocommands for "*":0
038.767  000.002  000.002: sourcing nvim_exec2() called at ColorScheme Autocommands for "*":0
038.783  036.020  011.879: sourcing /home/josh/.config/nvim/init.lua
038.787  000.069: sourcing vimrc file(s)
038.896  000.023  000.023: sourcing /home/linuxbrew/.linuxbrew/Cellar/neovim/0.11.1/share/nvim/runtime/filetype.lua
039.015  000.036  000.036: sourcing /home/linuxbrew/.linuxbrew/Cellar/neovim/0.11.1/share/nvim/runtime/syntax/synload.vim
039.053  000.124  000.088: sourcing /home/linuxbrew/.linuxbrew/Cellar/neovim/0.11.1/share/nvim/runtime/syntax/syntax.vim
039.059  000.124: inits 3
040.064  001.005: reading ShaDa
040.211  000.147: opening buffers
040.255  000.044: BufEnter autocommands
040.256  000.001: editing files in windows
040.343  000.014  000.014: sourcing /home/josh/.local/share/nvim/lazy/nvim-colorizer.lua/plugin/colorizer.vim
040.344  000.030  000.016: sourcing nvim_exec2() called at VimEnter Autocommands for "*":0
040.362  000.001  000.001: sourcing nvim_exec2() called at VimEnter Autocommands for "*":0
040.376  000.001  000.001: sourcing nvim_exec2() called at VimEnter Autocommands for "*":0
040.548  000.027  000.027: require('colorizer/nvim')
040.655  000.107  000.107: require('colorizer/trie')
040.733  000.352  000.218: require('colorizer')
041.320  000.027  000.027: require('vim.health')
041.322  000.057  000.030: require('vim.deprecated.health')
041.391  000.694: VimEnter autocommands
041.445  000.054: UIEnter autocommands
041.446  000.001: before starting main loop
041.606  000.160: first screen update
041.607  000.001: --- NVIM STARTED ---

